Archive member included to satisfy reference by file (symbol)

c:/st/stm32cubeide_1.5.1/stm32cubeide/plugins/com.st.stm32cube.ide.mcu.externaltools.gnu-tools-for-stm32.9-2020-q2-update.win32_1.5.0.202011040924/tools/bin/../lib/gcc/arm-none-eabi/9.3.1/../../../../arm-none-eabi/lib/thumb/v7e-m+fp/hard\libstdc++_nano.a(del_ops.o)
                              src/Adc1Stm32f446re.o (operator delete(void*, unsigned int))
c:/st/stm32cubeide_1.5.1/stm32cubeide/plugins/com.st.stm32cube.ide.mcu.externaltools.gnu-tools-for-stm32.9-2020-q2-update.win32_1.5.0.202011040924/tools/bin/../lib/gcc/arm-none-eabi/9.3.1/../../../../arm-none-eabi/lib/thumb/v7e-m+fp/hard\libstdc++_nano.a(new_op.o)
                              src/CanalEMG.o (operator new(unsigned int))
c:/st/stm32cubeide_1.5.1/stm32cubeide/plugins/com.st.stm32cube.ide.mcu.externaltools.gnu-tools-for-stm32.9-2020-q2-update.win32_1.5.0.202011040924/tools/bin/../lib/gcc/arm-none-eabi/9.3.1/../../../../arm-none-eabi/lib/thumb/v7e-m+fp/hard\libstdc++_nano.a(allocator-inst.o)
                              src/main.o (std::allocator<char>::allocator())
c:/st/stm32cubeide_1.5.1/stm32cubeide/plugins/com.st.stm32cube.ide.mcu.externaltools.gnu-tools-for-stm32.9-2020-q2-update.win32_1.5.0.202011040924/tools/bin/../lib/gcc/arm-none-eabi/9.3.1/../../../../arm-none-eabi/lib/thumb/v7e-m+fp/hard\libstdc++_nano.a(string-inst.o)
                              src/main.o (std::__cxx11::basic_string<char, std::char_traits<char>, std::allocator<char> >::~basic_string())
c:/st/stm32cubeide_1.5.1/stm32cubeide/plugins/com.st.stm32cube.ide.mcu.externaltools.gnu-tools-for-stm32.9-2020-q2-update.win32_1.5.0.202011040924/tools/bin/../lib/gcc/arm-none-eabi/9.3.1/../../../../arm-none-eabi/lib/thumb/v7e-m+fp/hard\libstdc++_nano.a(del_op.o)
                              c:/st/stm32cubeide_1.5.1/stm32cubeide/plugins/com.st.stm32cube.ide.mcu.externaltools.gnu-tools-for-stm32.9-2020-q2-update.win32_1.5.0.202011040924/tools/bin/../lib/gcc/arm-none-eabi/9.3.1/../../../../arm-none-eabi/lib/thumb/v7e-m+fp/hard\libstdc++_nano.a(del_ops.o) (operator delete(void*))
c:/st/stm32cubeide_1.5.1/stm32cubeide/plugins/com.st.stm32cube.ide.mcu.externaltools.gnu-tools-for-stm32.9-2020-q2-update.win32_1.5.0.202011040924/tools/bin/../lib/gcc/arm-none-eabi/9.3.1/../../../../arm-none-eabi/lib/thumb/v7e-m+fp/hard\libstdc++_nano.a(new_handler.o)
                              c:/st/stm32cubeide_1.5.1/stm32cubeide/plugins/com.st.stm32cube.ide.mcu.externaltools.gnu-tools-for-stm32.9-2020-q2-update.win32_1.5.0.202011040924/tools/bin/../lib/gcc/arm-none-eabi/9.3.1/../../../../arm-none-eabi/lib/thumb/v7e-m+fp/hard\libstdc++_nano.a(new_op.o) (std::get_new_handler())
c:/st/stm32cubeide_1.5.1/stm32cubeide/plugins/com.st.stm32cube.ide.mcu.externaltools.gnu-tools-for-stm32.9-2020-q2-update.win32_1.5.0.202011040924/tools/bin/../lib/gcc/arm-none-eabi/9.3.1/../../../../arm-none-eabi/lib/thumb/v7e-m+fp/hard\libstdc++_nano.a(functexcept.o)
                              c:/st/stm32cubeide_1.5.1/stm32cubeide/plugins/com.st.stm32cube.ide.mcu.externaltools.gnu-tools-for-stm32.9-2020-q2-update.win32_1.5.0.202011040924/tools/bin/../lib/gcc/arm-none-eabi/9.3.1/../../../../arm-none-eabi/lib/thumb/v7e-m+fp/hard\libstdc++_nano.a(string-inst.o) (std::__throw_bad_alloc())
c:/st/stm32cubeide_1.5.1/stm32cubeide/plugins/com.st.stm32cube.ide.mcu.externaltools.gnu-tools-for-stm32.9-2020-q2-update.win32_1.5.0.202011040924/tools/bin/../lib/gcc/arm-none-eabi/9.3.1/../../../../arm-none-eabi/lib/thumb/v7e-m+fp/hard\libstdc++_nano.a(snprintf_lite.o)
                              c:/st/stm32cubeide_1.5.1/stm32cubeide/plugins/com.st.stm32cube.ide.mcu.externaltools.gnu-tools-for-stm32.9-2020-q2-update.win32_1.5.0.202011040924/tools/bin/../lib/gcc/arm-none-eabi/9.3.1/../../../../arm-none-eabi/lib/thumb/v7e-m+fp/hard\libstdc++_nano.a(functexcept.o) (__gnu_cxx::__snprintf_lite(char*, unsigned int, char const*, std::__va_list))
c:/st/stm32cubeide_1.5.1/stm32cubeide/plugins/com.st.stm32cube.ide.mcu.externaltools.gnu-tools-for-stm32.9-2020-q2-update.win32_1.5.0.202011040924/tools/bin/../lib/gcc/arm-none-eabi/9.3.1/../../../../arm-none-eabi/lib/thumb/v7e-m+fp/hard\libc_nano.a(lib_a-abort.o)
                              c:/st/stm32cubeide_1.5.1/stm32cubeide/plugins/com.st.stm32cube.ide.mcu.externaltools.gnu-tools-for-stm32.9-2020-q2-update.win32_1.5.0.202011040924/tools/bin/../lib/gcc/arm-none-eabi/9.3.1/../../../../arm-none-eabi/lib/thumb/v7e-m+fp/hard\libstdc++_nano.a(new_op.o) (abort)
c:/st/stm32cubeide_1.5.1/stm32cubeide/plugins/com.st.stm32cube.ide.mcu.externaltools.gnu-tools-for-stm32.9-2020-q2-update.win32_1.5.0.202011040924/tools/bin/../lib/gcc/arm-none-eabi/9.3.1/../../../../arm-none-eabi/lib/thumb/v7e-m+fp/hard\libc_nano.a(lib_a-errno.o)
                              src/syscalls.o (__errno)
[...]
Memory Configuration

Name             Origin             Length             Attributes
RAM              0x0000000020000000 0x0000000000020000 xrw
ROM              0x0000000008000000 0x0000000000080000 xr
*default*        0x0000000000000000 0xffffffffffffffff

Linker script and memory map

LOAD c:/st/stm32cubeide_1.5.1/stm32cubeide/plugins/com.st.stm32cube.ide.mcu.externaltools.gnu-tools-for-stm32.9-2020-q2-update.win32_1.5.0.202011040924/tools/bin/../lib/gcc/arm-none-eabi/9.3.1/thumb/v7e-m+fp/hard/crti.o
LOAD c:/st/stm32cubeide_1.5.1/stm32cubeide/plugins/com.st.stm32cube.ide.mcu.externaltools.gnu-tools-for-stm32.9-2020-q2-update.win32_1.5.0.202011040924/tools/bin/../lib/gcc/arm-none-eabi/9.3.1/thumb/v7e-m+fp/hard/crtbegin.o
LOAD c:/st/stm32cubeide_1.5.1/stm32cubeide/plugins/com.st.stm32cube.ide.mcu.externaltools.gnu-tools-for-stm32.9-2020-q2-update.win32_1.5.0.202011040924/tools/bin/../lib/gcc/arm-none-eabi/9.3.1/../../../../arm-none-eabi/lib/thumb/v7e-m+fp/hard/crt0.o
LOAD StdPeriph_Driver/src/misc.o
LOAD StdPeriph_Driver/src/stm32f4xx_adc.o
LOAD StdPeriph_Driver/src/stm32f4xx_can.o
LOAD StdPeriph_Driver/src/stm32f4xx_cec.o
LOAD StdPeriph_Driver/src/stm32f4xx_crc.o
LOAD StdPeriph_Driver/src/stm32f4xx_cryp.o
LOAD StdPeriph_Driver/src/stm32f4xx_cryp_aes.o
LOAD StdPeriph_Driver/src/stm32f4xx_cryp_des.o
LOAD StdPeriph_Driver/src/stm32f4xx_cryp_tdes.o
LOAD StdPeriph_Driver/src/stm32f4xx_dac.o
LOAD StdPeriph_Driver/src/stm32f4xx_dbgmcu.o
LOAD StdPeriph_Driver/src/stm32f4xx_dcmi.o
LOAD StdPeriph_Driver/src/stm32f4xx_dfsdm.o
LOAD StdPeriph_Driver/src/stm32f4xx_dma.o
LOAD StdPeriph_Driver/src/stm32f4xx_dma2d.o
LOAD StdPeriph_Driver/src/stm32f4xx_dsi.o
LOAD StdPeriph_Driver/src/stm32f4xx_exti.o
LOAD StdPeriph_Driver/src/stm32f4xx_flash.o
LOAD StdPeriph_Driver/src/stm32f4xx_flash_ramfunc.o
LOAD StdPeriph_Driver/src/stm32f4xx_fmc.o
LOAD StdPeriph_Driver/src/stm32f4xx_fmip2c.o
LOAD StdPeriph_Driver/src/stm32f4xx_fsmc.o
LOAD StdPeriph_Driver/src/stm32f4xx_gpio.o
LOAD StdPeriph_Driver/src/stm32f4xx_hash.o
LOAD StdPeriph_Driver/src/stm32f4xx_hash_md5.o
LOAD StdPeriph_Driver/src/stm32f4xx_hash_sha1.o
LOAD StdPeriph_Driver/src/stm32f4xx_i2c.o
LOAD StdPeriph_Driver/src/stm32f4xx_iwdg.o
LOAD StdPeriph_Driver/src/stm32f4xx_lptim.o
LOAD StdPeriph_Driver/src/stm32f4xx_ltdc.o
LOAD StdPeriph_Driver/src/stm32f4xx_pwr.o
LOAD StdPeriph_Driver/src/stm32f4xx_qspi.o
LOAD StdPeriph_Driver/src/stm32f4xx_rcc.o
LOAD StdPeriph_Driver/src/stm32f4xx_rng.o
LOAD StdPeriph_Driver/src/stm32f4xx_rtc.o
LOAD StdPeriph_Driver/src/stm32f4xx_sai.o
LOAD StdPeriph_Driver/src/stm32f4xx_sdio.o
LOAD StdPeriph_Driver/src/stm32f4xx_spdifrx.o
LOAD StdPeriph_Driver/src/stm32f4xx_spi.o
LOAD StdPeriph_Driver/src/stm32f4xx_syscfg.o
LOAD StdPeriph_Driver/src/stm32f4xx_tim.o
LOAD StdPeriph_Driver/src/stm32f4xx_usart.o
LOAD StdPeriph_Driver/src/stm32f4xx_wwdg.o
LOAD src/Adc1Stm32f446re.o
LOAD src/CanalEMG.o
LOAD src/Encodeur.o
LOAD src/FiltreFenetreGlissante.o
LOAD src/GestionMouvementAxe.o
LOAD src/L298x.o
LOAD src/PID.o
LOAD src/PositionAxeEncodeur.o
LOAD src/PositionAxePotentiometre.o
LOAD src/STM32F446Usart.o
LOAD src/Timer_PWM.o
LOAD src/VecteurEMG.o
LOAD src/controlL297.o
LOAD src/hardwareConfig.o
LOAD src/main.o
LOAD src/syscalls.o
LOAD src/system_stm32f4xx.o
LOAD startup/startup_stm32.o
START GROUP
LOAD c:/st/stm32cubeide_1.5.1/stm32cubeide/plugins/com.st.stm32cube.ide.mcu.externaltools.gnu-tools-for-stm32.9-2020-q2-update.win32_1.5.0.202011040924/tools/bin/../lib/gcc/arm-none-eabi/9.3.1/../../../../arm-none-eabi/lib/thumb/v7e-m+fp/hard\libstdc++_nano.a
LOAD c:/st/stm32cubeide_1.5.1/stm32cubeide/plugins/com.st.stm32cube.ide.mcu.externaltools.gnu-tools-for-stm32.9-2020-q2-update.win32_1.5.0.202011040924/tools/bin/../lib/gcc/arm-none-eabi/9.3.1/../../../../arm-none-eabi/lib/thumb/v7e-m+fp/hard\libsupc++_nano.a
END GROUP
LOAD c:/st/stm32cubeide_1.5.1/stm32cubeide/plugins/com.st.stm32cube.ide.mcu.externaltools.gnu-tools-for-stm32.9-2020-q2-update.win32_1.5.0.202011040924/tools/bin/../lib/gcc/arm-none-eabi/9.3.1/../../../../arm-none-eabi/lib/thumb/v7e-m+fp/hard\libstdc++_nano.a
LOAD c:/st/stm32cubeide_1.5.1/stm32cubeide/plugins/com.st.stm32cube.ide.mcu.externaltools.gnu-tools-for-stm32.9-2020-q2-update.win32_1.5.0.202011040924/tools/bin/../lib/gcc/arm-none-eabi/9.3.1/../../../../arm-none-eabi/lib/thumb/v7e-m+fp/hard\libm.a
LOAD c:/st/stm32cubeide_1.5.1/stm32cubeide/plugins/com.st.stm32cube.ide.mcu.externaltools.gnu-tools-for-stm32.9-2020-q2-update.win32_1.5.0.202011040924/tools/bin/../lib/gcc/arm-none-eabi/9.3.1/../../../../arm-none-eabi/lib/thumb/v7e-m+fp/hard\libc_nano.a
START GROUP
LOAD c:/st/stm32cubeide_1.5.1/stm32cubeide/plugins/com.st.stm32cube.ide.mcu.externaltools.gnu-tools-for-stm32.9-2020-q2-update.win32_1.5.0.202011040924/tools/bin/../lib/gcc/arm-none-eabi/9.3.1/thumb/v7e-m+fp/hard\libgcc.a
LOAD c:/st/stm32cubeide_1.5.1/stm32cubeide/plugins/com.st.stm32cube.ide.mcu.externaltools.gnu-tools-for-stm32.9-2020-q2-update.win32_1.5.0.202011040924/tools/bin/../lib/gcc/arm-none-eabi/9.3.1/../../../../arm-none-eabi/lib/thumb/v7e-m+fp/hard\libc_nano.a
END GROUP
START GROUP
LOAD c:/st/stm32cubeide_1.5.1/stm32cubeide/plugins/com.st.stm32cube.ide.mcu.externaltools.gnu-tools-for-stm32.9-2020-q2-update.win32_1.5.0.202011040924/tools/bin/../lib/gcc/arm-none-eabi/9.3.1/thumb/v7e-m+fp/hard\libgcc.a
LOAD c:/st/stm32cubeide_1.5.1/stm32cubeide/plugins/com.st.stm32cube.ide.mcu.externaltools.gnu-tools-for-stm32.9-2020-q2-update.win32_1.5.0.202011040924/tools/bin/../lib/gcc/arm-none-eabi/9.3.1/../../../../arm-none-eabi/lib/thumb/v7e-m+fp/hard\libc_nano.a
LOAD c:/st/stm32cubeide_1.5.1/stm32cubeide/plugins/com.st.stm32cube.ide.mcu.externaltools.gnu-tools-for-stm32.9-2020-q2-update.win32_1.5.0.202011040924/tools/bin/../lib/gcc/arm-none-eabi/9.3.1/../../../../arm-none-eabi/lib/thumb/v7e-m+fp/hard\libnosys.a
END GROUP
START GROUP
LOAD c:/st/stm32cubeide_1.5.1/stm32cubeide/plugins/com.st.stm32cube.ide.mcu.externaltools.gnu-tools-for-stm32.9-2020-q2-update.win32_1.5.0.202011040924/tools/bin/../lib/gcc/arm-none-eabi/9.3.1/thumb/v7e-m+fp/hard\libgcc.a
LOAD c:/st/stm32cubeide_1.5.1/stm32cubeide/plugins/com.st.stm32cube.ide.mcu.externaltools.gnu-tools-for-stm32.9-2020-q2-update.win32_1.5.0.202011040924/tools/bin/../lib/gcc/arm-none-eabi/9.3.1/../../../../arm-none-eabi/lib/thumb/v7e-m+fp/hard\libc_nano.a
LOAD c:/st/stm32cubeide_1.5.1/stm32cubeide/plugins/com.st.stm32cube.ide.mcu.externaltools.gnu-tools-for-stm32.9-2020-q2-update.win32_1.5.0.202011040924/tools/bin/../lib/gcc/arm-none-eabi/9.3.1/../../../../arm-none-eabi/lib/thumb/v7e-m+fp/hard\libnosys.a
END GROUP
LOAD c:/st/stm32cubeide_1.5.1/stm32cubeide/plugins/com.st.stm32cube.ide.mcu.externaltools.gnu-tools-for-stm32.9-2020-q2-update.win32_1.5.0.202011040924/tools/bin/../lib/gcc/arm-none-eabi/9.3.1/thumb/v7e-m+fp/hard/crtend.o
LOAD c:/st/stm32cubeide_1.5.1/stm32cubeide/plugins/com.st.stm32cube.ide.mcu.externaltools.gnu-tools-for-stm32.9-2020-q2-update.win32_1.5.0.202011040924/tools/bin/../lib/gcc/arm-none-eabi/9.3.1/thumb/v7e-m+fp/hard/crtn.o
                0x0000000020020000                _estack = 0x20020000
                0x0000000000000000                _Min_Heap_Size = 0x0
                0x0000000000000400                _Min_Stack_Size = 0x400

.isr_vector     0x0000000008000000      0x1c4
                0x0000000008000000                . = ALIGN (0x4)
 *(.isr_vector)
 .isr_vector    0x0000000008000000      0x1c4 startup/startup_stm32.o
                0x0000000008000000                g_pfnVectors
                0x00000000080001c4                . = ALIGN (0x4)

.text           0x00000000080001c8     0x3d20
                0x00000000080001c8                . = ALIGN (0x4)
 *(.text)
 .text          0x00000000080001c8       0x40 c:/st/stm32cubeide_1.5.1/stm32cubeide/plugins/com.st.stm32cube.ide.mcu.externaltools.gnu-tools-for-stm32.9-2020-q2-update.win32_1.5.0.202011040924/tools/bin/../lib/gcc/arm-none-eabi/9.3.1/thumb/v7e-m+fp/hard/crtbegin.o
 .text          0x0000000008000208       0x10 c:/st/stm32cubeide_1.5.1/stm32cubeide/plugins/com.st.stm32cube.ide.mcu.externaltools.gnu-tools-for-stm32.9-2020-q2-update.win32_1.5.0.202011040924/tools/bin/../lib/gcc/arm-none-eabi/9.3.1/../../../../arm-none-eabi/lib/thumb/v7e-m+fp/hard\libc_nano.a(lib_a-strlen.o)
                0x0000000008000208                strlen
 .text          0x0000000008000218      0x254 c:/st/stm32cubeide_1.5.1/stm32cubeide/plugins/com.st.stm32cube.ide.mcu.externaltools.gnu-tools-for-stm32.9-2020-q2-update.win32_1.5.0.202011040924/tools/bin/../lib/gcc/arm-none-eabi/9.3.1/thumb/v7e-m+fp/hard\libgcc.a(_arm_muldf3.o)
                0x0000000008000218                __muldf3
                0x0000000008000218                __aeabi_dmul
 .text          0x000000000800046c      0x378 c:/st/stm32cubeide_1.5.1/stm32cubeide/plugins/com.st.stm32cube.ide.mcu.externaltools.gnu-tools-for-stm32.9-2020-q2-update.win32_1.5.0.202011040924/tools/bin/../lib/gcc/arm-none-eabi/9.3.1/thumb/v7e-m+fp/hard\libgcc.a(_arm_addsubdf3.o)
                0x000000000800046c                __aeabi_drsub
                0x0000000008000474                __aeabi_dsub
                0x0000000008000474                __subdf3
                0x0000000008000478                __aeabi_dadd
                0x0000000008000478                __adddf3
                0x00000000080006f0                __floatunsidf
                0x00000000080006f0                __aeabi_ui2d
                0x0000000008000710                __floatsidf
                0x0000000008000710                __aeabi_i2d
                0x0000000008000734                __aeabi_f2d
                0x0000000008000734                __extendsfdf2
                0x0000000008000778                __floatundidf
                0x0000000008000778                __aeabi_ul2d
                0x0000000008000788                __floatdidf
                0x0000000008000788                __aeabi_l2d
 .text          0x00000000080007e4       0x50 c:/st/stm32cubeide_1.5.1/stm32cubeide/plugins/com.st.stm32cube.ide.mcu.externaltools.gnu-tools-for-stm32.9-2020-q2-update.win32_1.5.0.202011040924/tools/bin/../lib/gcc/arm-none-eabi/9.3.1/thumb/v7e-m+fp/hard\libgcc.a(_arm_fixdfsi.o)
                0x00000000080007e4                __aeabi_d2iz
                0x00000000080007e4                __fixdfsi
 *(.text*)
 .text._ZN15Adc1Stm32f446reC2Eh
                0x0000000008000834      0x170 src/Adc1Stm32f446re.o
                0x0000000008000834                Adc1Stm32f446re::Adc1Stm32f446re(unsigned char)
                0x0000000008000834                Adc1Stm32f446re::Adc1Stm32f446re(unsigned char)
 .text._ZN15Adc1Stm32f446re8innitADCEv
                0x00000000080009a4       0xdc src/Adc1Stm32f446re.o
                0x00000000080009a4                Adc1Stm32f446re::innitADC()
 .text._ZN15Adc1Stm32f446re7setGPIOEv
                0x0000000008000a80      0x110 src/Adc1Stm32f446re.o
                0x0000000008000a80                Adc1Stm32f446re::setGPIO()
 .text._ZN15Adc1Stm32f446re13setResolutionEh
                0x0000000008000b90       0xb0 src/Adc1Stm32f446re.o
                0x0000000008000b90                Adc1Stm32f446re::setResolution(unsigned char)
 .text._ZN15Adc1Stm32f446re26setChannelPositioningQueueEhh
                0x0000000008000c40       0xe0 src/Adc1Stm32f446re.o
                0x0000000008000c40                Adc1Stm32f446re::setChannelPositioningQueue(unsigned char, unsigned char)
 .text._ZN15Adc1Stm32f446re24setADCConversionNbsCycleEv
                0x0000000008000d20       0xe8 src/Adc1Stm32f446re.o
                0x0000000008000d20                Adc1Stm32f446re::setADCConversionNbsCycle()
 .text._ZN15Adc1Stm32f446re13getConversionEv
                0x0000000008000e08       0x20 src/Adc1Stm32f446re.o
                0x0000000008000e08                Adc1Stm32f446re::getConversion()
 .text._ZN15Adc1Stm32f446re9enableADCEv
                0x0000000008000e28       0x40 src/Adc1Stm32f446re.o
                0x0000000008000e28                Adc1Stm32f446re::enableADC()
 .text._ZN15Adc1Stm32f446re18startAdcConversionEv
                0x0000000008000e68       0x44 src/Adc1Stm32f446re.o
                0x0000000008000e68                Adc1Stm32f446re::startAdcConversion()
 .text._ZN15Adc1Stm32f446re11waitEocFlagEv
                0x0000000008000eac       0x50 src/Adc1Stm32f446re.o
                0x0000000008000eac                Adc1Stm32f446re::waitEocFlag()
 .text._ZN15Adc1Stm32f446re12clearEocFlagEv
                0x0000000008000efc       0x30 src/Adc1Stm32f446re.o
                0x0000000008000efc                Adc1Stm32f446re::clearEocFlag()
 .text._ZN15Adc1Stm32f446reD2Ev
                0x0000000008000f2c       0x20 src/Adc1Stm32f446re.o
                0x0000000008000f2c                Adc1Stm32f446re::~Adc1Stm32f446re()
                0x0000000008000f2c                Adc1Stm32f446re::~Adc1Stm32f446re()
 .text._ZN15Adc1Stm32f446reD0Ev
                0x0000000008000f4c       0x20 src/Adc1Stm32f446re.o
                0x0000000008000f4c                Adc1Stm32f446re::~Adc1Stm32f446re()
 .text._ZN8CanalEMGC2Ehddd
                0x0000000008000f6c       0x84 src/CanalEMG.o
                0x0000000008000f6c                CanalEMG::CanalEMG(unsigned char, double, double, double)
                0x0000000008000f6c                CanalEMG::CanalEMG(unsigned char, double, double, double)
 .text._ZN8CanalEMG11getAdcValueEv
                0x0000000008000ff0       0x52 src/CanalEMG.o
                0x0000000008000ff0                CanalEMG::getAdcValue()
 *fill*         0x0000000008001042        0x2 
 .text._ZN8CanalEMG25acquisitionNewPositionEmgEv
                0x0000000008001044       0x6c src/CanalEMG.o
                0x0000000008001044                CanalEMG::acquisitionNewPositionEmg()
 .text._ZN8CanalEMG14calculPidValueEh
                0x00000000080010b0       0x24 src/CanalEMG.o
                0x00000000080010b0                CanalEMG::calculPidValue(unsigned char)
 .text._ZN8CanalEMG11getValuePIDEv
                0x00000000080010d4       0x1c src/CanalEMG.o
                0x00000000080010d4                CanalEMG::getValuePID()
 .text._ZN8CanalEMG18getDirectionMoteurEv
                0x00000000080010f0       0x1c src/CanalEMG.o
                0x00000000080010f0                CanalEMG::getDirectionMoteur()
 .text._ZN8CanalEMG15getErreurPidRawEv
                0x000000000800110c       0x1c src/CanalEMG.o
                0x000000000800110c                CanalEMG::getErreurPidRaw()
 .text._ZN8CanalEMGD2Ev
                0x0000000008001128       0x20 src/CanalEMG.o
                0x0000000008001128                CanalEMG::~CanalEMG()
                0x0000000008001128                CanalEMG::~CanalEMG()
 .text._ZN8CanalEMGD0Ev
                0x0000000008001148       0x20 src/CanalEMG.o
                0x0000000008001148                CanalEMG::~CanalEMG()
 .text._ZN22FiltreFenetreGlissanteC2Ev
                0x0000000008001168       0x38 src/FiltreFenetreGlissante.o
                0x0000000008001168                FiltreFenetreGlissante::FiltreFenetreGlissante()
                0x0000000008001168                FiltreFenetreGlissante::FiltreFenetreGlissante()
 .text._ZN22FiltreFenetreGlissante16miseNiveauFiltreEh
                0x00000000080011a0       0x40 src/FiltreFenetreGlissante.o
                0x00000000080011a0                FiltreFenetreGlissante::miseNiveauFiltre(unsigned char)
 .text._ZN22FiltreFenetreGlissante14resultatFiltreEv
                0x00000000080011e0       0x5c src/FiltreFenetreGlissante.o
                0x00000000080011e0                FiltreFenetreGlissante::resultatFiltre()
 .text._ZN22FiltreFenetreGlissanteD2Ev
                0x000000000800123c       0x20 src/FiltreFenetreGlissante.o
                0x000000000800123c                FiltreFenetreGlissante::~FiltreFenetreGlissante()
                0x000000000800123c                FiltreFenetreGlissante::~FiltreFenetreGlissante()
 .text._ZN22FiltreFenetreGlissanteD0Ev
                0x000000000800125c       0x20 src/FiltreFenetreGlissante.o
                0x000000000800125c                FiltreFenetreGlissante::~FiltreFenetreGlissante()
 .text._ZN19GestionMouvementAxeC2Ehh
                0x000000000800127c      0x170 src/GestionMouvementAxe.o
                0x000000000800127c                GestionMouvementAxe::GestionMouvementAxe(unsigned char, unsigned char)
                0x000000000800127c                GestionMouvementAxe::GestionMouvementAxe(unsigned char, unsigned char)
 .text._ZN19GestionMouvementAxe25getPositionPotPourcentageEv
                0x00000000080013ec       0x18 src/GestionMouvementAxe.o
                0x00000000080013ec                GestionMouvementAxe::getPositionPotPourcentage()
 .text._ZN19GestionMouvementAxe18getMoteurLockStateEv
                0x0000000008001404       0x1c src/GestionMouvementAxe.o
                0x0000000008001404                GestionMouvementAxe::getMoteurLockState()
 .text._ZN19GestionMouvementAxe18setMoteurLockStateEb
                0x0000000008001420       0x36 src/GestionMouvementAxe.o
                0x0000000008001420                GestionMouvementAxe::setMoteurLockState(bool)
 .text._ZN19GestionMouvementAxe19setMoteurDirEtSpeedEmb
                0x0000000008001456       0x7c src/GestionMouvementAxe.o
                0x0000000008001456                GestionMouvementAxe::setMoteurDirEtSpeed(unsigned long, bool)
 .text._ZN19GestionMouvementAxe18checkMovementLimitEb
                0x00000000080014d2       0x6a src/GestionMouvementAxe.o
                0x00000000080014d2                GestionMouvementAxe::checkMovementLimit(bool)
 .text._ZN19GestionMouvementAxe17updatePositionPotEv
                0x000000000800153c       0x2c src/GestionMouvementAxe.o
                0x000000000800153c                GestionMouvementAxe::updatePositionPot()
 .text._ZN19GestionMouvementAxe17setDirectionPinceEh
                0x0000000008001568       0x52 src/GestionMouvementAxe.o
                0x0000000008001568                GestionMouvementAxe::setDirectionPince(unsigned char)
 *fill*         0x00000000080015ba        0x2 
 .text._ZN19GestionMouvementAxeD2Ev
                0x00000000080015bc       0x20 src/GestionMouvementAxe.o
                0x00000000080015bc                GestionMouvementAxe::~GestionMouvementAxe()
                0x00000000080015bc                GestionMouvementAxe::~GestionMouvementAxe()
 .text._ZN19GestionMouvementAxeD0Ev
                0x00000000080015dc       0x20 src/GestionMouvementAxe.o
                0x00000000080015dc                GestionMouvementAxe::~GestionMouvementAxe()
 .text._ZN5L298xC2Ev
                0x00000000080015fc       0x58 src/L298x.o
                0x00000000080015fc                L298x::L298x()
                0x00000000080015fc                L298x::L298x()
 .text._ZN5L298xD2Ev
                0x0000000008001654       0x38 src/L298x.o
                0x0000000008001654                L298x::~L298x()
                0x0000000008001654                L298x::~L298x()
 .text._ZN5L298xD0Ev
                0x000000000800168c       0x20 src/L298x.o
                0x000000000800168c                L298x::~L298x()
 .text._ZN5L298x12setDirectionE17_DIRECTION_PINCE_
                0x00000000080016ac       0x94 src/L298x.o
                0x00000000080016ac                L298x::setDirection(_DIRECTION_PINCE_)
 .text._ZN3PIDC2Eddd
                0x0000000008001740       0x7c src/PID.o
                0x0000000008001740                PID::PID(double, double, double)
                0x0000000008001740                PID::PID(double, double, double)
 .text._ZN3PID9calculPIDEhh
                0x00000000080017bc      0x174 src/PID.o
                0x00000000080017bc                PID::calculPID(unsigned char, unsigned char)
 .text._ZN3PID18getDirectionMoteurEv
                0x0000000008001930       0x1a src/PID.o
                0x0000000008001930                PID::getDirectionMoteur()
 .text._ZN3PID11getValuePIDEv
                0x000000000800194a       0x1a src/PID.o
                0x000000000800194a                PID::getValuePID()
 .text._ZN3PID12getErreurRawEv
                0x0000000008001964       0x1a src/PID.o
                0x0000000008001964                PID::getErreurRaw()
 *fill*         0x000000000800197e        0x2 
 .text._ZN3PIDD2Ev
                0x0000000008001980       0x20 src/PID.o
                0x0000000008001980                PID::~PID()
                0x0000000008001980                PID::~PID()
 .text._ZN3PIDD0Ev
                0x00000000080019a0       0x20 src/PID.o
                0x00000000080019a0                PID::~PID()
 .text._ZN24PositionAxePotentiometreC2Eh
                0x00000000080019c0       0x64 src/PositionAxePotentiometre.o
                0x00000000080019c0                PositionAxePotentiometre::PositionAxePotentiometre(unsigned char)
                0x00000000080019c0                PositionAxePotentiometre::PositionAxePotentiometre(unsigned char)
 .text._ZN24PositionAxePotentiometre22setPositionPourcentageEh
                0x0000000008001a24       0x1e src/PositionAxePotentiometre.o
                0x0000000008001a24                PositionAxePotentiometre::setPositionPourcentage(unsigned char)
 .text._ZN24PositionAxePotentiometre22getPositionPourcentageEv
                0x0000000008001a42       0x1e src/PositionAxePotentiometre.o
                0x0000000008001a42                PositionAxePotentiometre::getPositionPourcentage()
 .text._ZN24PositionAxePotentiometre25acquisitionNewPositionAxeEv
                0x0000000008001a60      0x118 src/PositionAxePotentiometre.o
                0x0000000008001a60                PositionAxePotentiometre::acquisitionNewPositionAxe()
 .text._ZN24PositionAxePotentiometreD2Ev
                0x0000000008001b78       0x20 src/PositionAxePotentiometre.o
                0x0000000008001b78                PositionAxePotentiometre::~PositionAxePotentiometre()
                0x0000000008001b78                PositionAxePotentiometre::~PositionAxePotentiometre()
 .text._ZN24PositionAxePotentiometreD0Ev
                0x0000000008001b98       0x20 src/PositionAxePotentiometre.o
                0x0000000008001b98                PositionAxePotentiometre::~PositionAxePotentiometre()
 .text.NVIC_EnableIRQ
                0x0000000008001bb8       0x34 src/STM32F446Usart.o
 .text.NVIC_SetPriority
                0x0000000008001bec       0x58 src/STM32F446Usart.o
 .text._ZN15STM32F446Usart3C2Ev
                0x0000000008001c44       0xfc src/STM32F446Usart.o
                0x0000000008001c44                STM32F446Usart3::STM32F446Usart3()
                0x0000000008001c44                STM32F446Usart3::STM32F446Usart3()
 .text._ZN15STM32F446Usart3D2Ev
                0x0000000008001d40       0x58 src/STM32F446Usart.o
                0x0000000008001d40                STM32F446Usart3::~STM32F446Usart3()
                0x0000000008001d40                STM32F446Usart3::~STM32F446Usart3()
 .text._ZN15STM32F446Usart3D0Ev
                0x0000000008001d98       0x22 src/STM32F446Usart.o
                0x0000000008001d98                STM32F446Usart3::~STM32F446Usart3()
 *fill*         0x0000000008001dba        0x2 
 .text._ZN15STM32F446Usart311getInstanceEv
                0x0000000008001dbc       0x30 src/STM32F446Usart.o
                0x0000000008001dbc                STM32F446Usart3::getInstance()
 .text._ZN15STM32F446Usart35writeEh
                0x0000000008001dec       0x4c src/STM32F446Usart.o
                0x0000000008001dec                STM32F446Usart3::write(unsigned char)
 .text._ZN15STM32F446Usart34readEv
                0x0000000008001e38       0x32 src/STM32F446Usart.o
                0x0000000008001e38                STM32F446Usart3::read()
 .text._ZNK15STM32F446Usart313dataAvailableEv
                0x0000000008001e6a       0x22 src/STM32F446Usart.o
                0x0000000008001e6a                STM32F446Usart3::dataAvailable() const
 .text._ZN15STM32F446Usart311setBaudRateEm
                0x0000000008001e8c       0x6c src/STM32F446Usart.o
                0x0000000008001e8c                STM32F446Usart3::setBaudRate(unsigned long)
 .text.USART3_IRQHandler
                0x0000000008001ef8       0xcc src/STM32F446Usart.o
                0x0000000008001ef8                USART3_IRQHandler
 .text._ZN8BuffFifoImLt64EEC2Ev
                0x0000000008001fc4       0x18 src/STM32F446Usart.o
                0x0000000008001fc4                BuffFifo<unsigned long, (unsigned short)64>::BuffFifo()
                0x0000000008001fc4                BuffFifo<unsigned long, (unsigned short)64>::BuffFifo()
 .text._ZN8BuffFifoImLt64EE3addEm
                0x0000000008001fdc       0x42 src/STM32F446Usart.o
                0x0000000008001fdc                BuffFifo<unsigned long, (unsigned short)64>::add(unsigned long)
 .text._ZNK8BuffFifoImLt64EE7isEmptyEv
                0x000000000800201e       0x26 src/STM32F446Usart.o
                0x000000000800201e                BuffFifo<unsigned long, (unsigned short)64>::isEmpty() const
 .text._ZN8BuffFifoImLt64EE3remEv
                0x0000000008002044       0x3e src/STM32F446Usart.o
                0x0000000008002044                BuffFifo<unsigned long, (unsigned short)64>::rem()
 .text._ZN8BuffFifoImLt64EE5resetEv
                0x0000000008002082       0x20 src/STM32F446Usart.o
                0x0000000008002082                BuffFifo<unsigned long, (unsigned short)64>::reset()
 *fill*         0x00000000080020a2        0x2 
 .text.NVIC_EnableIRQ
                0x00000000080020a4       0x34 src/Timer_PWM.o
 .text.NVIC_SetPriority
                0x00000000080020d8       0x58 src/Timer_PWM.o
 .text._ZN5TimerD2Ev
                0x0000000008002130       0x20 src/Timer_PWM.o
                0x0000000008002130                Timer::~Timer()
                0x0000000008002130                Timer::~Timer()
 .text._ZN5TimerD0Ev
                0x0000000008002150       0x20 src/Timer_PWM.o
                0x0000000008002150                Timer::~Timer()
 .text._ZN5TimerC2EP11TIM_TypeDefmb
                0x0000000008002170      0x15c src/Timer_PWM.o
                0x0000000008002170                Timer::Timer(TIM_TypeDef*, unsigned long, bool)
                0x0000000008002170                Timer::Timer(TIM_TypeDef*, unsigned long, bool)
 .text._ZN5Timer9setPeriodEm
                0x00000000080022cc       0x74 src/Timer_PWM.o
                0x00000000080022cc                Timer::setPeriod(unsigned long)
 .text._ZN5Timer9enablePWMEhmt
                0x0000000008002340      0x1c4 src/Timer_PWM.o
                0x0000000008002340                Timer::enablePWM(unsigned char, unsigned long, unsigned short)
 .text._ZN5Timer5startEv
                0x0000000008002504       0x28 src/Timer_PWM.o
                0x0000000008002504                Timer::start()
 .text._ZN5Timer4stopEv
                0x000000000800252c       0x28 src/Timer_PWM.o
                0x000000000800252c                Timer::stop()
 .text._ZN11controlL297C2E13_L297_SELECT_
                0x0000000008002554      0x218 src/controlL297.o
                0x0000000008002554                controlL297::controlL297(_L297_SELECT_)
                0x0000000008002554                controlL297::controlL297(_L297_SELECT_)
 .text._ZN11controlL297D2Ev
                0x000000000800276c       0x50 src/controlL297.o
                0x000000000800276c                controlL297::~controlL297()
                0x000000000800276c                controlL297::~controlL297()
 .text._ZN11controlL297D0Ev
                0x00000000080027bc       0x20 src/controlL297.o
                0x00000000080027bc                controlL297::~controlL297()
 .text._ZN11controlL2978setSpeedEm
                0x00000000080027dc       0x3c src/controlL297.o
                0x00000000080027dc                controlL297::setSpeed(unsigned long)
 .text._ZN11controlL29712setDirectionE11_DIRECTION_
                0x0000000008002818       0xd0 src/controlL297.o
                0x0000000008002818                controlL297::setDirection(_DIRECTION_)
 .text._ZN11controlL29712setLockStateE11_LOCK_STATE
                0x00000000080028e8       0xc0 src/controlL297.o
                0x00000000080028e8                controlL297::setLockState(_LOCK_STATE)
 .text._ZN11controlL2979setEnableEb
                0x00000000080029a8       0x44 src/controlL297.o
                0x00000000080029a8                controlL297::setEnable(bool)
 .text._ZN11controlL29712getLockStateEv
                0x00000000080029ec       0x22 src/controlL297.o
                0x00000000080029ec                controlL297::getLockState()
 *fill*         0x0000000008002a0e        0x2 
 .text._ZN14hardwareConfigC2Ev
                0x0000000008002a10       0x20 src/hardwareConfig.o
                0x0000000008002a10                hardwareConfig::hardwareConfig()
                0x0000000008002a10                hardwareConfig::hardwareConfig()
 .text._ZN14hardwareConfigD2Ev
                0x0000000008002a30       0x20 src/hardwareConfig.o
                0x0000000008002a30                hardwareConfig::~hardwareConfig()
                0x0000000008002a30                hardwareConfig::~hardwareConfig()
 .text._ZN14hardwareConfigD0Ev
                0x0000000008002a50       0x20 src/hardwareConfig.o
                0x0000000008002a50                hardwareConfig::~hardwareConfig()
 .text._ZN14hardwareConfig14SysClockConfigEv
                0x0000000008002a70       0xdc src/hardwareConfig.o
                0x0000000008002a70                hardwareConfig::SysClockConfig()
 .text._ZN14hardwareConfig11GPIO_ConfigEP12GPIO_TypeDefh10_IO_MODES_h
                0x0000000008002b4c       0xc0 src/hardwareConfig.o
                0x0000000008002b4c                hardwareConfig::GPIO_Config(GPIO_TypeDef*, unsigned char, _IO_MODES_, unsigned char)
 .text._ZN14hardwareConfig15GPIO_Pin_EnableEP12GPIO_TypeDefh
                0x0000000008002c0c       0x7c src/hardwareConfig.o
                0x0000000008002c0c                hardwareConfig::GPIO_Pin_Enable(GPIO_TypeDef*, unsigned char)
 .text._ZN14hardwareConfig16GPIO_Pin_DisableEP12GPIO_TypeDefh
                0x0000000008002c88       0x80 src/hardwareConfig.o
                0x0000000008002c88                hardwareConfig::GPIO_Pin_Disable(GPIO_TypeDef*, unsigned char)
 .text.main     0x0000000008002d08      0x318 src/main.o
                0x0000000008002d08                main
 .text._Z11initSystemev
                0x0000000008003020       0x2c src/main.o
                0x0000000008003020                initSysteme()
 .text._Z14initcommUsart3v
                0x000000000800304c       0x60 src/main.o
                0x000000000800304c                initcommUsart3()
 *fill*         0x00000000080030ac        0x4 
 .text._Z13innitCanalEMGv
                0x00000000080030b0       0xac src/main.o
                0x00000000080030b0                innitCanalEMG()
 .text._Z23initGestionMouvementAxev
                0x000000000800315c       0xa4 src/main.o
                0x000000000800315c                initGestionMouvementAxe()
 .text._Z18gestionCalibrationv
                0x0000000008003200        0xe src/main.o
                0x0000000008003200                gestionCalibration()
 *fill*         0x000000000800320e        0x2 
 .text._Z17gestionModeManuelv
                0x0000000008003210      0x34c src/main.o
                0x0000000008003210                gestionModeManuel()
 .text._Z10gestionPidv
                0x000000000800355c      0x168 src/main.o
                0x000000000800355c                gestionPid()
 .text.TIM7_IRQHandler
                0x00000000080036c4       0x88 src/main.o
                0x00000000080036c4                TIM7_IRQHandler
 .text.TIM5_IRQHandler
                0x000000000800374c       0x44 src/main.o
                0x000000000800374c                TIM5_IRQHandler
 .text._Z41__static_initialization_and_destruction_0ii
                0x0000000008003790       0x9c src/main.o
 .text._GLOBAL__sub_I_stm32F446
                0x000000000800382c       0x10 src/main.o
 .text._GLOBAL__sub_D_stm32F446
                0x000000000800383c       0x10 src/main.o
 .text._getpid  0x000000000800384c       0x10 src/syscalls.o
                0x000000000800384c                _getpid
 .text._kill    0x000000000800385c       0x20 src/syscalls.o
                0x000000000800385c                _kill
 .text._exit    0x000000000800387c       0x14 src/syscalls.o
                0x000000000800387c                _exit
 .text._sbrk    0x0000000008003890       0x58 src/syscalls.o
                0x0000000008003890                _sbrk
 .text.SystemInit
                0x00000000080038e8       0x6c src/system_stm32f4xx.o
                0x00000000080038e8                SystemInit
 .text.SetSysClock
                0x0000000008003954      0x12c src/system_stm32f4xx.o
 .text.Reset_Handler
                0x0000000008003a80       0x50 startup/startup_stm32.o
                0x0000000008003a80                Reset_Handler
 .text.Default_Handler
                0x0000000008003ad0        0x2 startup/startup_stm32.o
                0x0000000008003ad0                RTC_Alarm_IRQHandler
                0x0000000008003ad0                EXTI2_IRQHandler
                0x0000000008003ad0                TIM8_CC_IRQHandler
                0x0000000008003ad0                SPDIF_Rx_IRQHandler
                0x0000000008003ad0                DebugMon_Handler
                0x0000000008003ad0                SPI4_IRQHandler
                0x0000000008003ad0                TIM1_CC_IRQHandler
                0x0000000008003ad0                QuadSPI_IRQHandler
                0x0000000008003ad0                DMA2_Stream5_IRQHandler
                0x0000000008003ad0                HardFault_Handler
                0x0000000008003ad0                DMA1_Stream5_IRQHandler
                0x0000000008003ad0                SysTick_Handler
                0x0000000008003ad0                PVD_IRQHandler
                0x0000000008003ad0                SDIO_IRQHandler
                0x0000000008003ad0                TAMP_STAMP_IRQHandler
                0x0000000008003ad0                PendSV_Handler
                0x0000000008003ad0                NMI_Handler
                0x0000000008003ad0                CAN2_RX1_IRQHandler
                0x0000000008003ad0                EXTI3_IRQHandler
                0x0000000008003ad0                TIM8_TRG_COM_TIM14_IRQHandler
                0x0000000008003ad0                TIM1_UP_TIM10_IRQHandler
                0x0000000008003ad0                FMPI2C1_error_IRQHandler
                0x0000000008003ad0                TIM8_UP_TIM13_IRQHandler
                0x0000000008003ad0                I2C3_ER_IRQHandler
                0x0000000008003ad0                EXTI0_IRQHandler
                0x0000000008003ad0                I2C2_EV_IRQHandler
                0x0000000008003ad0                DMA1_Stream2_IRQHandler
                0x0000000008003ad0                CAN1_RX0_IRQHandler
                0x0000000008003ad0                FPU_IRQHandler
                0x0000000008003ad0                OTG_HS_WKUP_IRQHandler
                0x0000000008003ad0                UsageFault_Handler
                0x0000000008003ad0                CAN2_SCE_IRQHandler
                0x0000000008003ad0                DMA2_Stream2_IRQHandler
                0x0000000008003ad0                SPI1_IRQHandler
                0x0000000008003ad0                TIM6_DAC_IRQHandler
                0x0000000008003ad0                TIM1_BRK_TIM9_IRQHandler
                0x0000000008003ad0                DCMI_IRQHandler
                0x0000000008003ad0                CAN2_RX0_IRQHandler
                0x0000000008003ad0                DMA2_Stream3_IRQHandler
                0x0000000008003ad0                FMPI2C1_IRQHandler
                0x0000000008003ad0                SAI2_IRQHandler
                0x0000000008003ad0                USART6_IRQHandler
                0x0000000008003ad0                CAN1_RX1_IRQHandler
                0x0000000008003ad0                UART5_IRQHandler
                0x0000000008003ad0                DMA2_Stream0_IRQHandler
                0x0000000008003ad0                TIM4_IRQHandler
                0x0000000008003ad0                I2C1_EV_IRQHandler
                0x0000000008003ad0                HDMI_CEC_IRQHandler
                0x0000000008003ad0                DMA1_Stream6_IRQHandler
                0x0000000008003ad0                DMA1_Stream1_IRQHandler
                0x0000000008003ad0                UART4_IRQHandler
                0x0000000008003ad0                TIM3_IRQHandler
                0x0000000008003ad0                RCC_IRQHandler
                0x0000000008003ad0                TIM8_BRK_TIM12_IRQHandler
                0x0000000008003ad0                Default_Handler
                0x0000000008003ad0                EXTI15_10_IRQHandler
                0x0000000008003ad0                ADC_IRQHandler
                0x0000000008003ad0                DMA1_Stream7_IRQHandler
                0x0000000008003ad0                CAN2_TX_IRQHandler
                0x0000000008003ad0                DMA2_Stream7_IRQHandler
                0x0000000008003ad0                I2C3_EV_IRQHandler
                0x0000000008003ad0                EXTI9_5_IRQHandler
                0x0000000008003ad0                RTC_WKUP_IRQHandler
                0x0000000008003ad0                SPI2_IRQHandler
                0x0000000008003ad0                OTG_HS_EP1_IN_IRQHandler
                0x0000000008003ad0                MemManage_Handler
                0x0000000008003ad0                DMA1_Stream0_IRQHandler
                0x0000000008003ad0                CAN1_TX_IRQHandler
                0x0000000008003ad0                SVC_Handler
                0x0000000008003ad0                EXTI4_IRQHandler
                0x0000000008003ad0                OTG_HS_EP1_OUT_IRQHandler
                0x0000000008003ad0                WWDG_IRQHandler
                0x0000000008003ad0                TIM2_IRQHandler
                0x0000000008003ad0                OTG_FS_WKUP_IRQHandler
                0x0000000008003ad0                TIM1_TRG_COM_TIM11_IRQHandler
                0x0000000008003ad0                OTG_HS_IRQHandler
                0x0000000008003ad0                EXTI1_IRQHandler
                0x0000000008003ad0                USART2_IRQHandler
                0x0000000008003ad0                I2C2_ER_IRQHandler
                0x0000000008003ad0                DMA2_Stream1_IRQHandler
                0x0000000008003ad0                CAN1_SCE_IRQHandler
                0x0000000008003ad0                FLASH_IRQHandler
                0x0000000008003ad0                DMA2_Stream4_IRQHandler
                0x0000000008003ad0                BusFault_Handler
                0x0000000008003ad0                USART1_IRQHandler
                0x0000000008003ad0                OTG_FS_IRQHandler
                0x0000000008003ad0                SPI3_IRQHandler
                0x0000000008003ad0                DMA1_Stream4_IRQHandler
                0x0000000008003ad0                I2C1_ER_IRQHandler
                0x0000000008003ad0                FMC_IRQHandler
                0x0000000008003ad0                DMA2_Stream6_IRQHandler
                0x0000000008003ad0                SAI1_IRQHandler
                0x0000000008003ad0                DMA1_Stream3_IRQHandler
 .text._ZdlPvj  0x0000000008003ad2        0x4 c:/st/stm32cubeide_1.5.1/stm32cubeide/plugins/com.st.stm32cube.ide.mcu.externaltools.gnu-tools-for-stm32.9-2020-q2-update.win32_1.5.0.202011040924/tools/bin/../lib/gcc/arm-none-eabi/9.3.1/../../../../arm-none-eabi/lib/thumb/v7e-m+fp/hard\libstdc++_nano.a(del_ops.o)
                0x0000000008003ad2                operator delete(void*, unsigned int)
 .text._Znwj    0x0000000008003ad6       0x22 c:/st/stm32cubeide_1.5.1/stm32cubeide/plugins/com.st.stm32cube.ide.mcu.externaltools.gnu-tools-for-stm32.9-2020-q2-update.win32_1.5.0.202011040924/tools/bin/../lib/gcc/arm-none-eabi/9.3.1/../../../../arm-none-eabi/lib/thumb/v7e-m+fp/hard\libstdc++_nano.a(new_op.o)
                0x0000000008003ad6                operator new(unsigned int)
 .text._ZNSaIcEC2Ev
                0x0000000008003af8        0x2 c:/st/stm32cubeide_1.5.1/stm32cubeide/plugins/com.st.stm32cube.ide.mcu.externaltools.gnu-tools-for-stm32.9-2020-q2-update.win32_1.5.0.202011040924/tools/bin/../lib/gcc/arm-none-eabi/9.3.1/../../../../arm-none-eabi/lib/thumb/v7e-m+fp/hard\libstdc++_nano.a(allocator-inst.o)
                0x0000000008003af8                std::allocator<char>::allocator()
                0x0000000008003af8                std::allocator<char>::allocator()
 .text._ZNSaIcED2Ev
                0x0000000008003afa        0x2 c:/st/stm32cubeide_1.5.1/stm32cubeide/plugins/com.st.stm32cube.ide.mcu.externaltools.gnu-tools-for-stm32.9-2020-q2-update.win32_1.5.0.202011040924/tools/bin/../lib/gcc/arm-none-eabi/9.3.1/../../../../arm-none-eabi/lib/thumb/v7e-m+fp/hard\libstdc++_nano.a(allocator-inst.o)
                0x0000000008003afa                std::allocator<char>::~allocator()
                0x0000000008003afa                std::allocator<char>::~allocator()
 .text._ZNSt11char_traitsIcE4copyEPcPKcj
                0x0000000008003afc        0x8 c:/st/stm32cubeide_1.5.1/stm32cubeide/plugins/com.st.stm32cube.ide.mcu.externaltools.gnu-tools-for-stm32.9-2020-q2-update.win32_1.5.0.202011040924/tools/bin/../lib/gcc/arm-none-eabi/9.3.1/../../../../arm-none-eabi/lib/thumb/v7e-m+fp/hard\libstdc++_nano.a(string-inst.o)
                0x0000000008003afc                std::char_traits<char>::copy(char*, char const*, unsigned int)
 .text._ZNSt7__cxx1112basic_stringIcSt11char_traitsIcESaIcEE9_M_createERjj
                0x0000000008003b04       0x44 c:/st/stm32cubeide_1.5.1/stm32cubeide/plugins/com.st.stm32cube.ide.mcu.externaltools.gnu-tools-for-stm32.9-2020-q2-update.win32_1.5.0.202011040924/tools/bin/../lib/gcc/arm-none-eabi/9.3.1/../../../../arm-none-eabi/lib/thumb/v7e-m+fp/hard\libstdc++_nano.a(string-inst.o)
                0x0000000008003b04                std::__cxx11::basic_string<char, std::char_traits<char>, std::allocator<char> >::_M_create(unsigned int&, unsigned int)
 .text._ZNSt7__cxx1112basic_stringIcSt11char_traitsIcESaIcEE10_M_disposeEv
                0x0000000008003b48       0x10 c:/st/stm32cubeide_1.5.1/stm32cubeide/plugins/com.st.stm32cube.ide.mcu.externaltools.gnu-tools-for-stm32.9-2020-q2-update.win32_1.5.0.202011040924/tools/bin/../lib/gcc/arm-none-eabi/9.3.1/../../../../arm-none-eabi/lib/thumb/v7e-m+fp/hard\libstdc++_nano.a(string-inst.o)
                0x0000000008003b48                std::__cxx11::basic_string<char, std::char_traits<char>, std::allocator<char> >::_M_dispose()
 .text._ZNSt7__cxx1112basic_stringIcSt11char_traitsIcESaIcEE7_S_copyEPcPKcj
                0x0000000008003b58       0x12 c:/st/stm32cubeide_1.5.1/stm32cubeide/plugins/com.st.stm32cube.ide.mcu.externaltools.gnu-tools-for-stm32.9-2020-q2-update.win32_1.5.0.202011040924/tools/bin/../lib/gcc/arm-none-eabi/9.3.1/../../../../arm-none-eabi/lib/thumb/v7e-m+fp/hard\libstdc++_nano.a(string-inst.o)
                0x0000000008003b58                std::__cxx11::basic_string<char, std::char_traits<char>, std::allocator<char> >::_S_copy(char*, char const*, unsigned int)
 .text._ZNSt7__cxx1112basic_stringIcSt11char_traitsIcESaIcEE13_S_copy_charsEPcPKcS7_
                0x0000000008003b6a        0xa c:/st/stm32cubeide_1.5.1/stm32cubeide/plugins/com.st.stm32cube.ide.mcu.externaltools.gnu-tools-for-stm32.9-2020-q2-update.win32_1.5.0.202011040924/tools/bin/../lib/gcc/arm-none-eabi/9.3.1/../../../../arm-none-eabi/lib/thumb/v7e-m+fp/hard\libstdc++_nano.a(string-inst.o)
                0x0000000008003b6a                std::__cxx11::basic_string<char, std::char_traits<char>, std::allocator<char> >::_S_copy_chars(char*, char const*, char const*)
 .text._ZNSt7__cxx1112basic_stringIcSt11char_traitsIcESaIcEED2Ev
                0x0000000008003b74        0xc c:/st/stm32cubeide_1.5.1/stm32cubeide/plugins/com.st.stm32cube.ide.mcu.externaltools.gnu-tools-for-stm32.9-2020-q2-update.win32_1.5.0.202011040924/tools/bin/../lib/gcc/arm-none-eabi/9.3.1/../../../../arm-none-eabi/lib/thumb/v7e-m+fp/hard\libstdc++_nano.a(string-inst.o)
                0x0000000008003b74                std::__cxx11::basic_string<char, std::char_traits<char>, std::allocator<char> >::~basic_string()
                0x0000000008003b74                std::__cxx11::basic_string<char, std::char_traits<char>, std::allocator<char> >::~basic_string()
 .text._ZNSt7__cxx1112basic_stringIcSt11char_traitsIcESaIcEE12_M_constructIPKcEEvT_S8_St20forward_iterator_tag
                0x0000000008003b80       0x48 c:/st/stm32cubeide_1.5.1/stm32cubeide/plugins/com.st.stm32cube.ide.mcu.externaltools.gnu-tools-for-stm32.9-2020-q2-update.win32_1.5.0.202011040924/tools/bin/../lib/gcc/arm-none-eabi/9.3.1/../../../../arm-none-eabi/lib/thumb/v7e-m+fp/hard\libstdc++_nano.a(string-inst.o)
                0x0000000008003b80                void std::__cxx11::basic_string<char, std::char_traits<char>, std::allocator<char> >::_M_construct<char const*>(char const*, char const*, std::forward_iterator_tag)
 .text._ZNSt7__cxx1112basic_stringIcSt11char_traitsIcESaIcEEC2EPKcRKS3_
                0x0000000008003bc8       0x2c c:/st/stm32cubeide_1.5.1/stm32cubeide/plugins/com.st.stm32cube.ide.mcu.externaltools.gnu-tools-for-stm32.9-2020-q2-update.win32_1.5.0.202011040924/tools/bin/../lib/gcc/arm-none-eabi/9.3.1/../../../../arm-none-eabi/lib/thumb/v7e-m+fp/hard\libstdc++_nano.a(string-inst.o)
                0x0000000008003bc8                std::__cxx11::basic_string<char, std::char_traits<char>, std::allocator<char> >::basic_string(char const*, std::allocator<char> const&)
                0x0000000008003bc8                std::__cxx11::basic_string<char, std::char_traits<char>, std::allocator<char> >::basic_string(char const*, std::allocator<char> const&)
 .text._ZdlPv   0x0000000008003bf4        0x4 c:/st/stm32cubeide_1.5.1/stm32cubeide/plugins/com.st.stm32cube.ide.mcu.externaltools.gnu-tools-for-stm32.9-2020-q2-update.win32_1.5.0.202011040924/tools/bin/../lib/gcc/arm-none-eabi/9.3.1/../../../../arm-none-eabi/lib/thumb/v7e-m+fp/hard\libstdc++_nano.a(del_op.o)
                0x0000000008003bf4                operator delete(void*)
 .text._ZSt15get_new_handlerv
                0x0000000008003bf8       0x10 c:/st/stm32cubeide_1.5.1/stm32cubeide/plugins/com.st.stm32cube.ide.mcu.externaltools.gnu-tools-for-stm32.9-2020-q2-update.win32_1.5.0.202011040924/tools/bin/../lib/gcc/arm-none-eabi/9.3.1/../../../../arm-none-eabi/lib/thumb/v7e-m+fp/hard\libstdc++_nano.a(new_handler.o)
                0x0000000008003bf8                std::get_new_handler()
 .text.unlikely._ZSt17__throw_bad_allocv
                0x0000000008003c08        0x6 c:/st/stm32cubeide_1.5.1/stm32cubeide/plugins/com.st.stm32cube.ide.mcu.externaltools.gnu-tools-for-stm32.9-2020-q2-update.win32_1.5.0.202011040924/tools/bin/../lib/gcc/arm-none-eabi/9.3.1/../../../../arm-none-eabi/lib/thumb/v7e-m+fp/hard\libstdc++_nano.a(functexcept.o)
                0x0000000008003c08                std::__throw_bad_alloc()
 .text.unlikely._ZSt19__throw_logic_errorPKc
                0x0000000008003c0e        0x6 c:/st/stm32cubeide_1.5.1/stm32cubeide/plugins/com.st.stm32cube.ide.mcu.externaltools.gnu-tools-for-stm32.9-2020-q2-update.win32_1.5.0.202011040924/tools/bin/../lib/gcc/arm-none-eabi/9.3.1/../../../../arm-none-eabi/lib/thumb/v7e-m+fp/hard\libstdc++_nano.a(functexcept.o)
                0x0000000008003c0e                std::__throw_logic_error(char const*)
 .text.unlikely._ZSt20__throw_length_errorPKc
                0x0000000008003c14        0x6 c:/st/stm32cubeide_1.5.1/stm32cubeide/plugins/com.st.stm32cube.ide.mcu.externaltools.gnu-tools-for-stm32.9-2020-q2-update.win32_1.5.0.202011040924/tools/bin/../lib/gcc/arm-none-eabi/9.3.1/../../../../arm-none-eabi/lib/thumb/v7e-m+fp/hard\libstdc++_nano.a(functexcept.o)
                0x0000000008003c14                std::__throw_length_error(char const*)
 .text.abort    0x0000000008003c1a        0xe c:/st/stm32cubeide_1.5.1/stm32cubeide/plugins/com.st.stm32cube.ide.mcu.externaltools.gnu-tools-for-stm32.9-2020-q2-update.win32_1.5.0.202011040924/tools/bin/../lib/gcc/arm-none-eabi/9.3.1/../../../../arm-none-eabi/lib/thumb/v7e-m+fp/hard\libc_nano.a(lib_a-abort.o)
                0x0000000008003c1a                abort
 .text.__errno  0x0000000008003c28        0xc c:/st/stm32cubeide_1.5.1/stm32cubeide/plugins/com.st.stm32cube.ide.mcu.externaltools.gnu-tools-for-stm32.9-2020-q2-update.win32_1.5.0.202011040924/tools/bin/../lib/gcc/arm-none-eabi/9.3.1/../../../../arm-none-eabi/lib/thumb/v7e-m+fp/hard\libc_nano.a(lib_a-errno.o)
                0x0000000008003c28                __errno
 .text.__libc_init_array
                0x0000000008003c34       0x48 c:/st/stm32cubeide_1.5.1/stm32cubeide/plugins/com.st.stm32cube.ide.mcu.externaltools.gnu-tools-for-stm32.9-2020-q2-update.win32_1.5.0.202011040924/tools/bin/../lib/gcc/arm-none-eabi/9.3.1/../../../../arm-none-eabi/lib/thumb/v7e-m+fp/hard\libc_nano.a(lib_a-init.o)
                0x0000000008003c34                __libc_init_array
 .text.malloc   0x0000000008003c7c       0x10 c:/st/stm32cubeide_1.5.1/stm32cubeide/plugins/com.st.stm32cube.ide.mcu.externaltools.gnu-tools-for-stm32.9-2020-q2-update.win32_1.5.0.202011040924/tools/bin/../lib/gcc/arm-none-eabi/9.3.1/../../../../arm-none-eabi/lib/thumb/v7e-m+fp/hard\libc_nano.a(lib_a-malloc.o)
                0x0000000008003c7c                malloc
 .text.free     0x0000000008003c8c       0x10 c:/st/stm32cubeide_1.5.1/stm32cubeide/plugins/com.st.stm32cube.ide.mcu.externaltools.gnu-tools-for-stm32.9-2020-q2-update.win32_1.5.0.202011040924/tools/bin/../lib/gcc/arm-none-eabi/9.3.1/../../../../arm-none-eabi/lib/thumb/v7e-m+fp/hard\libc_nano.a(lib_a-malloc.o)
                0x0000000008003c8c                free
 .text.memcpy   0x0000000008003c9c       0x1c c:/st/stm32cubeide_1.5.1/stm32cubeide/plugins/com.st.stm32cube.ide.mcu.externaltools.gnu-tools-for-stm32.9-2020-q2-update.win32_1.5.0.202011040924/tools/bin/../lib/gcc/arm-none-eabi/9.3.1/../../../../arm-none-eabi/lib/thumb/v7e-m+fp/hard\libc_nano.a(lib_a-memcpy-stub.o)
                0x0000000008003c9c                memcpy
 .text._free_r  0x0000000008003cb8       0xa0 c:/st/stm32cubeide_1.5.1/stm32cubeide/plugins/com.st.stm32cube.ide.mcu.externaltools.gnu-tools-for-stm32.9-2020-q2-update.win32_1.5.0.202011040924/tools/bin/../lib/gcc/arm-none-eabi/9.3.1/../../../../arm-none-eabi/lib/thumb/v7e-m+fp/hard\libc_nano.a(lib_a-nano-freer.o)
                0x0000000008003cb8                _free_r
 .text._malloc_r
                0x0000000008003d58       0xb4 c:/st/stm32cubeide_1.5.1/stm32cubeide/plugins/com.st.stm32cube.ide.mcu.externaltools.gnu-tools-for-stm32.9-2020-q2-update.win32_1.5.0.202011040924/tools/bin/../lib/gcc/arm-none-eabi/9.3.1/../../../../arm-none-eabi/lib/thumb/v7e-m+fp/hard\libc_nano.a(lib_a-nano-mallocr.o)
                0x0000000008003d58                _malloc_r
 .text._sbrk_r  0x0000000008003e0c       0x20 c:/st/stm32cubeide_1.5.1/stm32cubeide/plugins/com.st.stm32cube.ide.mcu.externaltools.gnu-tools-for-stm32.9-2020-q2-update.win32_1.5.0.202011040924/tools/bin/../lib/gcc/arm-none-eabi/9.3.1/../../../../arm-none-eabi/lib/thumb/v7e-m+fp/hard\libc_nano.a(lib_a-sbrkr.o)
                0x0000000008003e0c                _sbrk_r
 .text._raise_r
                0x0000000008003e2c       0x50 c:/st/stm32cubeide_1.5.1/stm32cubeide/plugins/com.st.stm32cube.ide.mcu.externaltools.gnu-tools-for-stm32.9-2020-q2-update.win32_1.5.0.202011040924/tools/bin/../lib/gcc/arm-none-eabi/9.3.1/../../../../arm-none-eabi/lib/thumb/v7e-m+fp/hard\libc_nano.a(lib_a-signal.o)
                0x0000000008003e2c                _raise_r
 .text.raise    0x0000000008003e7c       0x10 c:/st/stm32cubeide_1.5.1/stm32cubeide/plugins/com.st.stm32cube.ide.mcu.externaltools.gnu-tools-for-stm32.9-2020-q2-update.win32_1.5.0.202011040924/tools/bin/../lib/gcc/arm-none-eabi/9.3.1/../../../../arm-none-eabi/lib/thumb/v7e-m+fp/hard\libc_nano.a(lib_a-signal.o)
                0x0000000008003e7c                raise
 .text._kill_r  0x0000000008003e8c       0x24 c:/st/stm32cubeide_1.5.1/stm32cubeide/plugins/com.st.stm32cube.ide.mcu.externaltools.gnu-tools-for-stm32.9-2020-q2-update.win32_1.5.0.202011040924/tools/bin/../lib/gcc/arm-none-eabi/9.3.1/../../../../arm-none-eabi/lib/thumb/v7e-m+fp/hard\libc_nano.a(lib_a-signalr.o)
                0x0000000008003e8c                _kill_r
 .text._getpid_r
                0x0000000008003eb0        0x4 c:/st/stm32cubeide_1.5.1/stm32cubeide/plugins/com.st.stm32cube.ide.mcu.externaltools.gnu-tools-for-stm32.9-2020-q2-update.win32_1.5.0.202011040924/tools/bin/../lib/gcc/arm-none-eabi/9.3.1/../../../../arm-none-eabi/lib/thumb/v7e-m+fp/hard\libc_nano.a(lib_a-signalr.o)
                0x0000000008003eb0                _getpid_r
 .text.__malloc_lock
                0x0000000008003eb4        0xc c:/st/stm32cubeide_1.5.1/stm32cubeide/plugins/com.st.stm32cube.ide.mcu.externaltools.gnu-tools-for-stm32.9-2020-q2-update.win32_1.5.0.202011040924/tools/bin/../lib/gcc/arm-none-eabi/9.3.1/../../../../arm-none-eabi/lib/thumb/v7e-m+fp/hard\libc_nano.a(lib_a-mlock.o)
                0x0000000008003eb4                __malloc_lock
 .text.__malloc_unlock
                0x0000000008003ec0        0xc c:/st/stm32cubeide_1.5.1/stm32cubeide/plugins/com.st.stm32cube.ide.mcu.externaltools.gnu-tools-for-stm32.9-2020-q2-update.win32_1.5.0.202011040924/tools/bin/../lib/gcc/arm-none-eabi/9.3.1/../../../../arm-none-eabi/lib/thumb/v7e-m+fp/hard\libc_nano.a(lib_a-mlock.o)
                0x0000000008003ec0                __malloc_unlock
 .text.__retarget_lock_acquire_recursive
                0x0000000008003ecc        0x2 c:/st/stm32cubeide_1.5.1/stm32cubeide/plugins/com.st.stm32cube.ide.mcu.externaltools.gnu-tools-for-stm32.9-2020-q2-update.win32_1.5.0.202011040924/tools/bin/../lib/gcc/arm-none-eabi/9.3.1/../../../../arm-none-eabi/lib/thumb/v7e-m+fp/hard\libc_nano.a(lib_a-lock.o)
                0x0000000008003ecc                __retarget_lock_acquire_recursive
 .text.__retarget_lock_release_recursive
                0x0000000008003ece        0x2 c:/st/stm32cubeide_1.5.1/stm32cubeide/plugins/com.st.stm32cube.ide.mcu.externaltools.gnu-tools-for-stm32.9-2020-q2-update.win32_1.5.0.202011040924/tools/bin/../lib/gcc/arm-none-eabi/9.3.1/../../../../arm-none-eabi/lib/thumb/v7e-m+fp/hard\libc_nano.a(lib_a-lock.o)
                0x0000000008003ece                __retarget_lock_release_recursive
 *(.glue_7)
 .glue_7        0x0000000008003ed0        0x0 linker stubs
 *(.glue_7t)
 .glue_7t       0x0000000008003ed0        0x0 linker stubs
 *(.eh_frame)
 .eh_frame      0x0000000008003ed0        0x0 c:/st/stm32cubeide_1.5.1/stm32cubeide/plugins/com.st.stm32cube.ide.mcu.externaltools.gnu-tools-for-stm32.9-2020-q2-update.win32_1.5.0.202011040924/tools/bin/../lib/gcc/arm-none-eabi/9.3.1/thumb/v7e-m+fp/hard/crtbegin.o
 *(.init)
 .init          0x0000000008003ed0        0x4 c:/st/stm32cubeide_1.5.1/stm32cubeide/plugins/com.st.stm32cube.ide.mcu.externaltools.gnu-tools-for-stm32.9-2020-q2-update.win32_1.5.0.202011040924/tools/bin/../lib/gcc/arm-none-eabi/9.3.1/thumb/v7e-m+fp/hard/crti.o
                0x0000000008003ed0                _init
 .init          0x0000000008003ed4        0x8 c:/st/stm32cubeide_1.5.1/stm32cubeide/plugins/com.st.stm32cube.ide.mcu.externaltools.gnu-tools-for-stm32.9-2020-q2-update.win32_1.5.0.202011040924/tools/bin/../lib/gcc/arm-none-eabi/9.3.1/thumb/v7e-m+fp/hard/crtn.o
 *(.fini)
 .fini          0x0000000008003edc        0x4 c:/st/stm32cubeide_1.5.1/stm32cubeide/plugins/com.st.stm32cube.ide.mcu.externaltools.gnu-tools-for-stm32.9-2020-q2-update.win32_1.5.0.202011040924/tools/bin/../lib/gcc/arm-none-eabi/9.3.1/thumb/v7e-m+fp/hard/crti.o
                0x0000000008003edc                _fini
 .fini          0x0000000008003ee0        0x8 c:/st/stm32cubeide_1.5.1/stm32cubeide/plugins/com.st.stm32cube.ide.mcu.externaltools.gnu-tools-for-stm32.9-2020-q2-update.win32_1.5.0.202011040924/tools/bin/../lib/gcc/arm-none-eabi/9.3.1/thumb/v7e-m+fp/hard/crtn.o
                0x0000000008003ee8                . = ALIGN (0x4)
                0x0000000008003ee8                _etext = .

.vfp11_veneer   0x0000000008003ee8        0x0
 .vfp11_veneer  0x0000000008003ee8        0x0 linker stubs

.v4_bx          0x0000000008003ee8        0x0
 .v4_bx         0x0000000008003ee8        0x0 linker stubs

.iplt           0x0000000008003ee8        0x0
 .iplt          0x0000000008003ee8        0x0 c:/st/stm32cubeide_1.5.1/stm32cubeide/plugins/com.st.stm32cube.ide.mcu.externaltools.gnu-tools-for-stm32.9-2020-q2-update.win32_1.5.0.202011040924/tools/bin/../lib/gcc/arm-none-eabi/9.3.1/thumb/v7e-m+fp/hard/crtbegin.o

.rodata         0x0000000008003ee8      0x110
                0x0000000008003ee8                . = ALIGN (0x4)
 *(.rodata)
 .rodata        0x0000000008003ee8       0x10 src/Adc1Stm32f446re.o
                0x0000000008003ee8                vtable for Adc1Stm32f446re
 .rodata        0x0000000008003ef8       0x10 src/CanalEMG.o
                0x0000000008003ef8                vtable for CanalEMG
 .rodata        0x0000000008003f08       0x10 src/FiltreFenetreGlissante.o
                0x0000000008003f08                vtable for FiltreFenetreGlissante
 .rodata        0x0000000008003f18       0x10 src/GestionMouvementAxe.o
                0x0000000008003f18                vtable for GestionMouvementAxe
 .rodata        0x0000000008003f28       0x10 src/L298x.o
                0x0000000008003f28                vtable for L298x
 .rodata        0x0000000008003f38       0x10 src/PID.o
                0x0000000008003f38                vtable for PID
 .rodata        0x0000000008003f48       0x10 src/PositionAxePotentiometre.o
                0x0000000008003f48                vtable for PositionAxePotentiometre
 .rodata        0x0000000008003f58       0x10 src/STM32F446Usart.o
                0x0000000008003f58                vtable for STM32F446Usart3
 .rodata        0x0000000008003f68       0x10 src/controlL297.o
                0x0000000008003f68                vtable for controlL297
 .rodata        0x0000000008003f78       0x10 src/hardwareConfig.o
                0x0000000008003f78                vtable for hardwareConfig
 .rodata        0x0000000008003f88       0x1a src/main.o
 *(.rodata*)
 *fill*         0x0000000008003fa2        0x2 
 .rodata._ZTV5Timer
                0x0000000008003fa4       0x10 src/Timer_PWM.o
                0x0000000008003fa4                vtable for Timer
 .rodata._ZNSt7__cxx1112basic_stringIcSt11char_traitsIcESaIcEE9_M_createERjj.str1.1
                0x0000000008003fb4       0x18 c:/st/stm32cubeide_1.5.1/stm32cubeide/plugins/com.st.stm32cube.ide.mcu.externaltools.gnu-tools-for-stm32.9-2020-q2-update.win32_1.5.0.202011040924/tools/bin/../lib/gcc/arm-none-eabi/9.3.1/../../../../arm-none-eabi/lib/thumb/v7e-m+fp/hard\libstdc++_nano.a(string-inst.o)
 .rodata._ZNSt7__cxx1112basic_stringIcSt11char_traitsIcESaIcEE12_M_constructIPcEEvT_S7_St20forward_iterator_tag.str1.1
                0x0000000008003fcc       0x2a c:/st/stm32cubeide_1.5.1/stm32cubeide/plugins/com.st.stm32cube.ide.mcu.externaltools.gnu-tools-for-stm32.9-2020-q2-update.win32_1.5.0.202011040924/tools/bin/../lib/gcc/arm-none-eabi/9.3.1/../../../../arm-none-eabi/lib/thumb/v7e-m+fp/hard\libstdc++_nano.a(string-inst.o)
                0x0000000008003ff8                . = ALIGN (0x4)
 *fill*         0x0000000008003ff6        0x2 

.rel.dyn        0x0000000008003ff8        0x0
 .rel.iplt      0x0000000008003ff8        0x0 c:/st/stm32cubeide_1.5.1/stm32cubeide/plugins/com.st.stm32cube.ide.mcu.externaltools.gnu-tools-for-stm32.9-2020-q2-update.win32_1.5.0.202011040924/tools/bin/../lib/gcc/arm-none-eabi/9.3.1/thumb/v7e-m+fp/hard/crtbegin.o

.ARM.extab      0x0000000008003ff8        0x0
                0x0000000008003ff8                . = ALIGN (0x4)
 *(.ARM.extab* .gnu.linkonce.armextab.*)
                0x0000000008003ff8                . = ALIGN (0x4)

.ARM            0x0000000008003ff8        0x0
                0x0000000008003ff8                . = ALIGN (0x4)
                0x0000000008003ff8                __exidx_start = .
 *(.ARM.exidx*)
                0x0000000008003ff8                __exidx_end = .
                0x0000000008003ff8                . = ALIGN (0x4)

.preinit_array  0x0000000008003ff8        0x0
                0x0000000008003ff8                . = ALIGN (0x4)
                0x0000000008003ff8                PROVIDE (__preinit_array_start = .)
 *(.preinit_array*)
                0x0000000008003ff8                PROVIDE (__preinit_array_end = .)
                0x0000000008003ff8                . = ALIGN (0x4)

.init_array     0x0000000008003ff8        0x8
                0x0000000008003ff8                . = ALIGN (0x4)
                0x0000000008003ff8                PROVIDE (__init_array_start = .)
 *(SORT_BY_NAME(.init_array.*))
 *(.init_array*)
 .init_array    0x0000000008003ff8        0x4 c:/st/stm32cubeide_1.5.1/stm32cubeide/plugins/com.st.stm32cube.ide.mcu.externaltools.gnu-tools-for-stm32.9-2020-q2-update.win32_1.5.0.202011040924/tools/bin/../lib/gcc/arm-none-eabi/9.3.1/thumb/v7e-m+fp/hard/crtbegin.o
 .init_array    0x0000000008003ffc        0x4 src/main.o
                0x0000000008004000                PROVIDE (__init_array_end = .)
                0x0000000008004000                . = ALIGN (0x4)

.fini_array     0x0000000008004000        0x8
                0x0000000008004000                . = ALIGN (0x4)
                [!provide]                        PROVIDE (__fini_array_start = .)
 *(SORT_BY_NAME(.fini_array.*))
 *(.fini_array*)
 .fini_array    0x0000000008004000        0x4 c:/st/stm32cubeide_1.5.1/stm32cubeide/plugins/com.st.stm32cube.ide.mcu.externaltools.gnu-tools-for-stm32.9-2020-q2-update.win32_1.5.0.202011040924/tools/bin/../lib/gcc/arm-none-eabi/9.3.1/thumb/v7e-m+fp/hard/crtbegin.o
 .fini_array    0x0000000008004004        0x4 src/main.o
                [!provide]                        PROVIDE (__fini_array_end = .)
                0x0000000008004008                . = ALIGN (0x4)
                0x0000000008004008                _sidata = LOADADDR (.data)

.data           0x0000000020000000       0x94 load address 0x0000000008004008
                0x0000000020000000                . = ALIGN (0x4)
                0x0000000020000000                _sdata = .
 *(.data)
 .data          0x0000000020000000       0x1b src/main.o
                0x0000000020000000                messagePosition
                0x0000000020000014                messageCalibration
 *fill*         0x000000002000001b        0x1 
 .data          0x000000002000001c       0x14 src/system_stm32f4xx.o
                0x000000002000001c                SystemCoreClock
                0x0000000020000020                AHBPrescTable
 *(.data*)
 .data._impure_ptr
                0x0000000020000030        0x4 c:/st/stm32cubeide_1.5.1/stm32cubeide/plugins/com.st.stm32cube.ide.mcu.externaltools.gnu-tools-for-stm32.9-2020-q2-update.win32_1.5.0.202011040924/tools/bin/../lib/gcc/arm-none-eabi/9.3.1/../../../../arm-none-eabi/lib/thumb/v7e-m+fp/hard\libc_nano.a(lib_a-impure.o)
                0x0000000020000030                _impure_ptr
 .data.impure_data
                0x0000000020000034       0x60 c:/st/stm32cubeide_1.5.1/stm32cubeide/plugins/com.st.stm32cube.ide.mcu.externaltools.gnu-tools-for-stm32.9-2020-q2-update.win32_1.5.0.202011040924/tools/bin/../lib/gcc/arm-none-eabi/9.3.1/../../../../arm-none-eabi/lib/thumb/v7e-m+fp/hard\libc_nano.a(lib_a-impure.o)
                0x0000000020000094                . = ALIGN (0x4)
                0x0000000020000094                _edata = .

.igot.plt       0x0000000020000094        0x0 load address 0x000000000800409c
 .igot.plt      0x0000000020000094        0x0 c:/st/stm32cubeide_1.5.1/stm32cubeide/plugins/com.st.stm32cube.ide.mcu.externaltools.gnu-tools-for-stm32.9-2020-q2-update.win32_1.5.0.202011040924/tools/bin/../lib/gcc/arm-none-eabi/9.3.1/thumb/v7e-m+fp/hard/crtbegin.o
                0x0000000020000094                . = ALIGN (0x4)

.bss            0x0000000020000094       0xe4 load address 0x000000000800409c
                0x0000000020000094                _sbss = .
                0x0000000020000094                __bss_start__ = _sbss
 *(.bss)
 .bss           0x0000000020000094       0x1c c:/st/stm32cubeide_1.5.1/stm32cubeide/plugins/com.st.stm32cube.ide.mcu.externaltools.gnu-tools-for-stm32.9-2020-q2-update.win32_1.5.0.202011040924/tools/bin/../lib/gcc/arm-none-eabi/9.3.1/thumb/v7e-m+fp/hard/crtbegin.o
 .bss           0x00000000200000b0        0x4 src/STM32F446Usart.o
                0x00000000200000b0                STM32F446Usart3::instance
 .bss           0x00000000200000b4       0x9d src/main.o
                0x00000000200000b4                stm32F446
                0x00000000200000b8                cadanceComm
                0x00000000200000bc                timerConversionEMG
                0x00000000200000c0                commAffichage
                0x00000000200000c4                coudeEmg
                0x00000000200000c8                pinceEmg
                0x00000000200000cc                epauleEmg
                0x00000000200000d0                coude
                0x00000000200000d4                epaule
                0x00000000200000d8                pince
                0x00000000200000dc                filtreCoude
                0x00000000200000e0                filtreEpaule
                0x00000000200000e4                filtrePince
                0x00000000200000e8                encodeurCoude
                0x00000000200000ec                encodeurEpaule
                0x00000000200000f0                serialPcPauseCompleted
                0x00000000200000f4                messageComm[abi:cxx11]
                0x0000000020000124                commState
                0x0000000020000125                modeSocrate
                0x0000000020000126                rxData
                0x0000000020000128                rxCnt
                0x000000002000012a                rxCmd
                0x000000002000012c                rxPayload
                0x000000002000014a                valTargetEpaule
                0x000000002000014b                valTargetEpaulePrecedante
                0x000000002000014c                valTargetCoude
                0x000000002000014d                valTargetCoudePrecedante
                0x000000002000014e                valTargetPince
                0x000000002000014f                valTargetPincePrecedante
                0x0000000020000150                flag
 *fill*         0x0000000020000151        0x3 
 .bss           0x0000000020000154        0x8 src/syscalls.o
                0x0000000020000154                __env
 *(.bss*)
 .bss._ZN12_GLOBAL__N_113__new_handlerE
                0x000000002000015c        0x4 c:/st/stm32cubeide_1.5.1/stm32cubeide/plugins/com.st.stm32cube.ide.mcu.externaltools.gnu-tools-for-stm32.9-2020-q2-update.win32_1.5.0.202011040924/tools/bin/../lib/gcc/arm-none-eabi/9.3.1/../../../../arm-none-eabi/lib/thumb/v7e-m+fp/hard\libstdc++_nano.a(new_handler.o)
 .bss.__malloc_free_list
                0x0000000020000160        0x4 c:/st/stm32cubeide_1.5.1/stm32cubeide/plugins/com.st.stm32cube.ide.mcu.externaltools.gnu-tools-for-stm32.9-2020-q2-update.win32_1.5.0.202011040924/tools/bin/../lib/gcc/arm-none-eabi/9.3.1/../../../../arm-none-eabi/lib/thumb/v7e-m+fp/hard\libc_nano.a(lib_a-nano-mallocr.o)
                0x0000000020000160                __malloc_free_list
 .bss.__malloc_sbrk_start
                0x0000000020000164        0x4 c:/st/stm32cubeide_1.5.1/stm32cubeide/plugins/com.st.stm32cube.ide.mcu.externaltools.gnu-tools-for-stm32.9-2020-q2-update.win32_1.5.0.202011040924/tools/bin/../lib/gcc/arm-none-eabi/9.3.1/../../../../arm-none-eabi/lib/thumb/v7e-m+fp/hard\libc_nano.a(lib_a-nano-mallocr.o)
                0x0000000020000164                __malloc_sbrk_start
 *(COMMON)
 COMMON         0x0000000020000168        0x4 c:/st/stm32cubeide_1.5.1/stm32cubeide/plugins/com.st.stm32cube.ide.mcu.externaltools.gnu-tools-for-stm32.9-2020-q2-update.win32_1.5.0.202011040924/tools/bin/../lib/gcc/arm-none-eabi/9.3.1/../../../../arm-none-eabi/lib/thumb/v7e-m+fp/hard\libc_nano.a(lib_a-reent.o)
                0x0000000020000168                errno
 COMMON         0x000000002000016c        0x9 c:/st/stm32cubeide_1.5.1/stm32cubeide/plugins/com.st.stm32cube.ide.mcu.externaltools.gnu-tools-for-stm32.9-2020-q2-update.win32_1.5.0.202011040924/tools/bin/../lib/gcc/arm-none-eabi/9.3.1/../../../../arm-none-eabi/lib/thumb/v7e-m+fp/hard\libc_nano.a(lib_a-lock.o)
                0x000000002000016c                __lock___atexit_recursive_mutex
                0x000000002000016d                __lock___arc4random_mutex
                0x000000002000016e                __lock___env_recursive_mutex
                0x000000002000016f                __lock___sinit_recursive_mutex
                0x0000000020000170                __lock___malloc_recursive_mutex
                0x0000000020000171                __lock___at_quick_exit_mutex
                0x0000000020000172                __lock___dd_hash_mutex
                0x0000000020000173                __lock___tz_mutex
                0x0000000020000174                __lock___sfp_recursive_mutex
                0x0000000020000178                . = ALIGN (0x4)
 *fill*         0x0000000020000175        0x3 
                0x0000000020000178                _ebss = .
                0x0000000020000178                __bss_end__ = _ebss

._user_heap_stack
                0x0000000020000178      0x400 load address 0x000000000800409c
                0x0000000020000178                . = ALIGN (0x8)
                0x0000000020000178                PROVIDE (end = .)
                [!provide]                        PROVIDE (_end = .)
                0x0000000020000178                . = (. + _Min_Heap_Size)
                0x0000000020000578                . = (. + _Min_Stack_Size)
 *fill*         0x0000000020000178      0x400 
                0x0000000020000578                . = ALIGN (0x8)

/DISCARD/
 libc.a(*)
 libm.a(*)
 libgcc.a(*)

.ARM.attributes
                0x0000000000000000       0x30
 *(.ARM.attributes)
 .ARM.attributes
                0x0000000000000000       0x1e c:/st/stm32cubeide_1.5.1/stm32cubeide/plugins/com.st.stm32cube.ide.mcu.externaltools.gnu-tools-for-stm32.9-2020-q2-update.win32_1.5.0.202011040924/tools/bin/../lib/gcc/arm-none-eabi/9.3.1/thumb/v7e-m+fp/hard/crti.o
 .ARM.attributes
                0x000000000000001e       0x34 c:/st/stm32cubeide_1.5.1/stm32cubeide/plugins/com.st.stm32cube.ide.mcu.externaltools.gnu-tools-for-stm32.9-2020-q2-update.win32_1.5.0.202011040924/tools/bin/../lib/gcc/arm-none-eabi/9.3.1/thumb/v7e-m+fp/hard/crtbegin.o
 .ARM.attributes
                0x0000000000000052       0x34 src/Adc1Stm32f446re.o
 .ARM.attributes
                0x0000000000000086       0x34 src/CanalEMG.o
 .ARM.attributes
                0x00000000000000ba       0x34 src/FiltreFenetreGlissante.o
 .ARM.attributes
                0x00000000000000ee       0x34 src/GestionMouvementAxe.o
 .ARM.attributes
                0x0000000000000122       0x34 src/L298x.o
 .ARM.attributes
                0x0000000000000156       0x34 src/PID.o
 .ARM.attributes
                0x000000000000018a       0x34 src/PositionAxePotentiometre.o
 .ARM.attributes
                0x00000000000001be       0x34 src/STM32F446Usart.o
 .ARM.attributes
                0x00000000000001f2       0x34 src/Timer_PWM.o
 .ARM.attributes
                0x0000000000000226       0x34 src/controlL297.o
 .ARM.attributes
                0x000000000000025a       0x34 src/hardwareConfig.o
 .ARM.attributes
                0x000000000000028e       0x34 src/main.o
 .ARM.attributes
                0x00000000000002c2       0x34 src/syscalls.o
 .ARM.attributes
                0x00000000000002f6       0x34 src/system_stm32f4xx.o
 .ARM.attributes
                0x000000000000032a       0x21 startup/startup_stm32.o
 .ARM.attributes
                0x000000000000034b       0x34 c:/st/stm32cubeide_1.5.1/stm32cubeide/plugins/com.st.stm32cube.ide.mcu.externaltools.gnu-tools-for-stm32.9-2020-q2-update.win32_1.5.0.202011040924/tools/bin/../lib/gcc/arm-none-eabi/9.3.1/../../../../arm-none-eabi/lib/thumb/v7e-m+fp/hard\libstdc++_nano.a(del_ops.o)
 .ARM.attributes
                0x000000000000037f       0x34 c:/st/stm32cubeide_1.5.1/stm32cubeide/plugins/com.st.stm32cube.ide.mcu.externaltools.gnu-tools-for-stm32.9-2020-q2-update.win32_1.5.0.202011040924/tools/bin/../lib/gcc/arm-none-eabi/9.3.1/../../../../arm-none-eabi/lib/thumb/v7e-m+fp/hard\libstdc++_nano.a(new_op.o)
 .ARM.attributes
                0x00000000000003b3       0x34 c:/st/stm32cubeide_1.5.1/stm32cubeide/plugins/com.st.stm32cube.ide.mcu.externaltools.gnu-tools-for-stm32.9-2020-q2-update.win32_1.5.0.202011040924/tools/bin/../lib/gcc/arm-none-eabi/9.3.1/../../../../arm-none-eabi/lib/thumb/v7e-m+fp/hard\libstdc++_nano.a(allocator-inst.o)
 .ARM.attributes
                0x00000000000003e7       0x34 c:/st/stm32cubeide_1.5.1/stm32cubeide/plugins/com.st.stm32cube.ide.mcu.externaltools.gnu-tools-for-stm32.9-2020-q2-update.win32_1.5.0.202011040924/tools/bin/../lib/gcc/arm-none-eabi/9.3.1/../../../../arm-none-eabi/lib/thumb/v7e-m+fp/hard\libstdc++_nano.a(string-inst.o)
 .ARM.attributes
                0x000000000000041b       0x34 c:/st/stm32cubeide_1.5.1/stm32cubeide/plugins/com.st.stm32cube.ide.mcu.externaltools.gnu-tools-for-stm32.9-2020-q2-update.win32_1.5.0.202011040924/tools/bin/../lib/gcc/arm-none-eabi/9.3.1/../../../../arm-none-eabi/lib/thumb/v7e-m+fp/hard\libstdc++_nano.a(del_op.o)
 .ARM.attributes
                0x000000000000044f       0x34 c:/st/stm32cubeide_1.5.1/stm32cubeide/plugins/com.st.stm32cube.ide.mcu.externaltools.gnu-tools-for-stm32.9-2020-q2-update.win32_1.5.0.202011040924/tools/bin/../lib/gcc/arm-none-eabi/9.3.1/../../../../arm-none-eabi/lib/thumb/v7e-m+fp/hard\libstdc++_nano.a(new_handler.o)
 .ARM.attributes
                0x0000000000000483       0x34 c:/st/stm32cubeide_1.5.1/stm32cubeide/plugins/com.st.stm32cube.ide.mcu.externaltools.gnu-tools-for-stm32.9-2020-q2-update.win32_1.5.0.202011040924/tools/bin/../lib/gcc/arm-none-eabi/9.3.1/../../../../arm-none-eabi/lib/thumb/v7e-m+fp/hard\libstdc++_nano.a(functexcept.o)
 .ARM.attributes
                0x00000000000004b7       0x34 c:/st/stm32cubeide_1.5.1/stm32cubeide/plugins/com.st.stm32cube.ide.mcu.externaltools.gnu-tools-for-stm32.9-2020-q2-update.win32_1.5.0.202011040924/tools/bin/../lib/gcc/arm-none-eabi/9.3.1/../../../../arm-none-eabi/lib/thumb/v7e-m+fp/hard\libc_nano.a(lib_a-abort.o)
 .ARM.attributes
                0x00000000000004eb       0x34 c:/st/stm32cubeide_1.5.1/stm32cubeide/plugins/com.st.stm32cube.ide.mcu.externaltools.gnu-tools-for-stm32.9-2020-q2-update.win32_1.5.0.202011040924/tools/bin/../lib/gcc/arm-none-eabi/9.3.1/../../../../arm-none-eabi/lib/thumb/v7e-m+fp/hard\libc_nano.a(lib_a-errno.o)
 .ARM.attributes
                0x000000000000051f       0x32 c:/st/stm32cubeide_1.5.1/stm32cubeide/plugins/com.st.stm32cube.ide.mcu.externaltools.gnu-tools-for-stm32.9-2020-q2-update.win32_1.5.0.202011040924/tools/bin/../lib/gcc/arm-none-eabi/9.3.1/../../../../arm-none-eabi/lib/thumb/v7e-m+fp/hard\libc_nano.a(lib_a-impure.o)
 .ARM.attributes
                0x0000000000000551       0x34 c:/st/stm32cubeide_1.5.1/stm32cubeide/plugins/com.st.stm32cube.ide.mcu.externaltools.gnu-tools-for-stm32.9-2020-q2-update.win32_1.5.0.202011040924/tools/bin/../lib/gcc/arm-none-eabi/9.3.1/../../../../arm-none-eabi/lib/thumb/v7e-m+fp/hard\libc_nano.a(lib_a-init.o)
 .ARM.attributes
                0x0000000000000585       0x34 c:/st/stm32cubeide_1.5.1/stm32cubeide/plugins/com.st.stm32cube.ide.mcu.externaltools.gnu-tools-for-stm32.9-2020-q2-update.win32_1.5.0.202011040924/tools/bin/../lib/gcc/arm-none-eabi/9.3.1/../../../../arm-none-eabi/lib/thumb/v7e-m+fp/hard\libc_nano.a(lib_a-malloc.o)
 .ARM.attributes
                0x00000000000005b9       0x34 c:/st/stm32cubeide_1.5.1/stm32cubeide/plugins/com.st.stm32cube.ide.mcu.externaltools.gnu-tools-for-stm32.9-2020-q2-update.win32_1.5.0.202011040924/tools/bin/../lib/gcc/arm-none-eabi/9.3.1/../../../../arm-none-eabi/lib/thumb/v7e-m+fp/hard\libc_nano.a(lib_a-memcpy-stub.o)
 .ARM.attributes
                0x00000000000005ed       0x34 c:/st/stm32cubeide_1.5.1/stm32cubeide/plugins/com.st.stm32cube.ide.mcu.externaltools.gnu-tools-for-stm32.9-2020-q2-update.win32_1.5.0.202011040924/tools/bin/../lib/gcc/arm-none-eabi/9.3.1/../../../../arm-none-eabi/lib/thumb/v7e-m+fp/hard\libc_nano.a(lib_a-nano-freer.o)
 .ARM.attributes
                0x0000000000000621       0x34 c:/st/stm32cubeide_1.5.1/stm32cubeide/plugins/com.st.stm32cube.ide.mcu.externaltools.gnu-tools-for-stm32.9-2020-q2-update.win32_1.5.0.202011040924/tools/bin/../lib/gcc/arm-none-eabi/9.3.1/../../../../arm-none-eabi/lib/thumb/v7e-m+fp/hard\libc_nano.a(lib_a-nano-mallocr.o)
 .ARM.attributes
                0x0000000000000655       0x34 c:/st/stm32cubeide_1.5.1/stm32cubeide/plugins/com.st.stm32cube.ide.mcu.externaltools.gnu-tools-for-stm32.9-2020-q2-update.win32_1.5.0.202011040924/tools/bin/../lib/gcc/arm-none-eabi/9.3.1/../../../../arm-none-eabi/lib/thumb/v7e-m+fp/hard\libc_nano.a(lib_a-sbrkr.o)
 .ARM.attributes
                0x0000000000000689       0x34 c:/st/stm32cubeide_1.5.1/stm32cubeide/plugins/com.st.stm32cube.ide.mcu.externaltools.gnu-tools-for-stm32.9-2020-q2-update.win32_1.5.0.202011040924/tools/bin/../lib/gcc/arm-none-eabi/9.3.1/../../../../arm-none-eabi/lib/thumb/v7e-m+fp/hard\libc_nano.a(lib_a-signal.o)
 .ARM.attributes
                0x00000000000006bd       0x34 c:/st/stm32cubeide_1.5.1/stm32cubeide/plugins/com.st.stm32cube.ide.mcu.externaltools.gnu-tools-for-stm32.9-2020-q2-update.win32_1.5.0.202011040924/tools/bin/../lib/gcc/arm-none-eabi/9.3.1/../../../../arm-none-eabi/lib/thumb/v7e-m+fp/hard\libc_nano.a(lib_a-signalr.o)
 .ARM.attributes
                0x00000000000006f1       0x17 c:/st/stm32cubeide_1.5.1/stm32cubeide/plugins/com.st.stm32cube.ide.mcu.externaltools.gnu-tools-for-stm32.9-2020-q2-update.win32_1.5.0.202011040924/tools/bin/../lib/gcc/arm-none-eabi/9.3.1/../../../../arm-none-eabi/lib/thumb/v7e-m+fp/hard\libc_nano.a(lib_a-strlen.o)
 .ARM.attributes
                0x0000000000000708       0x34 c:/st/stm32cubeide_1.5.1/stm32cubeide/plugins/com.st.stm32cube.ide.mcu.externaltools.gnu-tools-for-stm32.9-2020-q2-update.win32_1.5.0.202011040924/tools/bin/../lib/gcc/arm-none-eabi/9.3.1/../../../../arm-none-eabi/lib/thumb/v7e-m+fp/hard\libc_nano.a(lib_a-mlock.o)
 .ARM.attributes
                0x000000000000073c       0x34 c:/st/stm32cubeide_1.5.1/stm32cubeide/plugins/com.st.stm32cube.ide.mcu.externaltools.gnu-tools-for-stm32.9-2020-q2-update.win32_1.5.0.202011040924/tools/bin/../lib/gcc/arm-none-eabi/9.3.1/../../../../arm-none-eabi/lib/thumb/v7e-m+fp/hard\libc_nano.a(lib_a-reent.o)
 .ARM.attributes
                0x0000000000000770       0x34 c:/st/stm32cubeide_1.5.1/stm32cubeide/plugins/com.st.stm32cube.ide.mcu.externaltools.gnu-tools-for-stm32.9-2020-q2-update.win32_1.5.0.202011040924/tools/bin/../lib/gcc/arm-none-eabi/9.3.1/../../../../arm-none-eabi/lib/thumb/v7e-m+fp/hard\libc_nano.a(lib_a-lock.o)
 .ARM.attributes
                0x00000000000007a4       0x1e c:/st/stm32cubeide_1.5.1/stm32cubeide/plugins/com.st.stm32cube.ide.mcu.externaltools.gnu-tools-for-stm32.9-2020-q2-update.win32_1.5.0.202011040924/tools/bin/../lib/gcc/arm-none-eabi/9.3.1/thumb/v7e-m+fp/hard\libgcc.a(_arm_muldf3.o)
 .ARM.attributes
                0x00000000000007c2       0x1e c:/st/stm32cubeide_1.5.1/stm32cubeide/plugins/com.st.stm32cube.ide.mcu.externaltools.gnu-tools-for-stm32.9-2020-q2-update.win32_1.5.0.202011040924/tools/bin/../lib/gcc/arm-none-eabi/9.3.1/thumb/v7e-m+fp/hard\libgcc.a(_arm_addsubdf3.o)
 .ARM.attributes
                0x00000000000007e0       0x1e c:/st/stm32cubeide_1.5.1/stm32cubeide/plugins/com.st.stm32cube.ide.mcu.externaltools.gnu-tools-for-stm32.9-2020-q2-update.win32_1.5.0.202011040924/tools/bin/../lib/gcc/arm-none-eabi/9.3.1/thumb/v7e-m+fp/hard\libgcc.a(_arm_fixdfsi.o)
 .ARM.attributes
                0x00000000000007fe       0x1e c:/st/stm32cubeide_1.5.1/stm32cubeide/plugins/com.st.stm32cube.ide.mcu.externaltools.gnu-tools-for-stm32.9-2020-q2-update.win32_1.5.0.202011040924/tools/bin/../lib/gcc/arm-none-eabi/9.3.1/thumb/v7e-m+fp/hard/crtn.o
OUTPUT(SOCRATE.elf elf32-littlearm)
LOAD linker stubs
LOAD c:/st/stm32cubeide_1.5.1/stm32cubeide/plugins/com.st.stm32cube.ide.mcu.externaltools.gnu-tools-for-stm32.9-2020-q2-update.win32_1.5.0.202011040924/tools/bin/../lib/gcc/arm-none-eabi/9.3.1/../../../../arm-none-eabi/lib/thumb/v7e-m+fp/hard\libc.a
LOAD c:/st/stm32cubeide_1.5.1/stm32cubeide/plugins/com.st.stm32cube.ide.mcu.externaltools.gnu-tools-for-stm32.9-2020-q2-update.win32_1.5.0.202011040924/tools/bin/../lib/gcc/arm-none-eabi/9.3.1/../../../../arm-none-eabi/lib/thumb/v7e-m+fp/hard\libm.a
LOAD c:/st/stm32cubeide_1.5.1/stm32cubeide/plugins/com.st.stm32cube.ide.mcu.externaltools.gnu-tools-for-stm32.9-2020-q2-update.win32_1.5.0.202011040924/tools/bin/../lib/gcc/arm-none-eabi/9.3.1/thumb/v7e-m+fp/hard\libgcc.a

.debug_info     0x0000000000000000     0xf91e
 .debug_info    0x0000000000000000      0xa4d src/Adc1Stm32f446re.o
 .debug_info    0x0000000000000a4d     0x14bb src/CanalEMG.o
 .debug_info    0x0000000000001f08      0x331 src/FiltreFenetreGlissante.o
 .debug_info    0x0000000000002239      0x72b src/GestionMouvementAxe.o
 .debug_info    0x0000000000002964      0x41f src/L298x.o
 .debug_info    0x0000000000002d83     0x13e2 src/PID.o
 .debug_info    0x0000000000004165      0x3e3 src/PositionAxePotentiometre.o
 .debug_info    0x0000000000004548     0x204c src/STM32F446Usart.o
 .debug_info    0x0000000000006594      0xe07 src/Timer_PWM.o
 .debug_info    0x000000000000739b      0x9df src/controlL297.o
 .debug_info    0x0000000000007d7a      0x7a8 src/hardwareConfig.o
 .debug_info    0x0000000000008522     0x5d43 src/main.o
 .debug_info    0x000000000000e265     0x101b src/syscalls.o
 .debug_info    0x000000000000f280      0x67c src/system_stm32f4xx.o
 .debug_info    0x000000000000f8fc       0x22 startup/startup_stm32.o

.debug_abbrev   0x0000000000000000     0x2f64
 .debug_abbrev  0x0000000000000000      0x2bc src/Adc1Stm32f446re.o
 .debug_abbrev  0x00000000000002bc      0x403 src/CanalEMG.o
 .debug_abbrev  0x00000000000006bf      0x21b src/FiltreFenetreGlissante.o
 .debug_abbrev  0x00000000000008da      0x242 src/GestionMouvementAxe.o
 .debug_abbrev  0x0000000000000b1c      0x283 src/L298x.o
 .debug_abbrev  0x0000000000000d9f      0x3ec src/PID.o
 .debug_abbrev  0x000000000000118b      0x22c src/PositionAxePotentiometre.o
 .debug_abbrev  0x00000000000013b7      0x576 src/STM32F446Usart.o
 .debug_abbrev  0x000000000000192d      0x33e src/Timer_PWM.o
 .debug_abbrev  0x0000000000001c6b      0x2c3 src/controlL297.o
 .debug_abbrev  0x0000000000001f2e      0x28b src/hardwareConfig.o
 .debug_abbrev  0x00000000000021b9      0x972 src/main.o
 .debug_abbrev  0x0000000000002b2b      0x2ac src/syscalls.o
 .debug_abbrev  0x0000000000002dd7      0x17b src/system_stm32f4xx.o
 .debug_abbrev  0x0000000000002f52       0x12 startup/startup_stm32.o

.debug_aranges  0x0000000000000000      0x620
 .debug_aranges
                0x0000000000000000       0x90 src/Adc1Stm32f446re.o
 .debug_aranges
                0x0000000000000090       0x70 src/CanalEMG.o
 .debug_aranges
                0x0000000000000100       0x40 src/FiltreFenetreGlissante.o
 .debug_aranges
                0x0000000000000140       0x98 src/GestionMouvementAxe.o
 .debug_aranges
                0x00000000000001d8       0x40 src/L298x.o
 .debug_aranges
                0x0000000000000218       0x50 src/PID.o
 .debug_aranges
                0x0000000000000268       0x58 src/PositionAxePotentiometre.o
 .debug_aranges
                0x00000000000002c0       0xa8 src/STM32F446Usart.o
 .debug_aranges
                0x0000000000000368       0x68 src/Timer_PWM.o
 .debug_aranges
                0x00000000000003d0       0x70 src/controlL297.o
 .debug_aranges
                0x0000000000000440       0x50 src/hardwareConfig.o
 .debug_aranges
                0x0000000000000490       0x88 src/main.o
 .debug_aranges
                0x0000000000000518       0xb0 src/syscalls.o
 .debug_aranges
                0x00000000000005c8       0x30 src/system_stm32f4xx.o
 .debug_aranges
                0x00000000000005f8       0x28 startup/startup_stm32.o

.debug_ranges   0x0000000000000000      0x538
 .debug_ranges  0x0000000000000000       0x80 src/Adc1Stm32f446re.o
 .debug_ranges  0x0000000000000080       0x60 src/CanalEMG.o
 .debug_ranges  0x00000000000000e0       0x30 src/FiltreFenetreGlissante.o
 .debug_ranges  0x0000000000000110       0x88 src/GestionMouvementAxe.o
 .debug_ranges  0x0000000000000198       0x30 src/L298x.o
 .debug_ranges  0x00000000000001c8       0x40 src/PID.o
 .debug_ranges  0x0000000000000208       0x48 src/PositionAxePotentiometre.o
 .debug_ranges  0x0000000000000250       0x98 src/STM32F446Usart.o
 .debug_ranges  0x00000000000002e8       0x58 src/Timer_PWM.o
 .debug_ranges  0x0000000000000340       0x60 src/controlL297.o
 .debug_ranges  0x00000000000003a0       0x40 src/hardwareConfig.o
 .debug_ranges  0x00000000000003e0       0x78 src/main.o
 .debug_ranges  0x0000000000000458       0xa0 src/syscalls.o
 .debug_ranges  0x00000000000004f8       0x20 src/system_stm32f4xx.o
 .debug_ranges  0x0000000000000518       0x20 startup/startup_stm32.o

.debug_macro    0x0000000000000000     0x70c8
 .debug_macro   0x0000000000000000      0x213 src/Adc1Stm32f446re.o
 .debug_macro   0x0000000000000213      0xb98 src/Adc1Stm32f446re.o
 .debug_macro   0x0000000000000dab       0x1c src/Adc1Stm32f446re.o
 .debug_macro   0x0000000000000dc7      0xe43 src/Adc1Stm32f446re.o
 .debug_macro   0x0000000000001c0a      0x34e src/Adc1Stm32f446re.o
 .debug_macro   0x0000000000001f58       0x40 src/Adc1Stm32f446re.o
 .debug_macro   0x0000000000001f98      0x35a src/CanalEMG.o
 .debug_macro   0x00000000000022f2      0x1d1 src/CanalEMG.o
 .debug_macro   0x00000000000024c3      0x17c src/CanalEMG.o
 .debug_macro   0x000000000000263f       0x10 src/CanalEMG.o
 .debug_macro   0x000000000000264f      0x41e src/CanalEMG.o
 .debug_macro   0x0000000000002a6d       0x10 src/CanalEMG.o
 .debug_macro   0x0000000000002a7d       0x18 src/CanalEMG.o
 .debug_macro   0x0000000000002a95       0x52 src/CanalEMG.o
 .debug_macro   0x0000000000002ae7       0x3c src/CanalEMG.o
 .debug_macro   0x0000000000002b23       0x34 src/CanalEMG.o
 .debug_macro   0x0000000000002b57       0x16 src/CanalEMG.o
 .debug_macro   0x0000000000002b6d      0x10e src/CanalEMG.o
 .debug_macro   0x0000000000002c7b       0x94 src/CanalEMG.o
 .debug_macro   0x0000000000002d0f       0x16 src/CanalEMG.o
 .debug_macro   0x0000000000002d25       0x43 src/CanalEMG.o
 .debug_macro   0x0000000000002d68       0x34 src/CanalEMG.o
 .debug_macro   0x0000000000002d9c       0x10 src/CanalEMG.o
 .debug_macro   0x0000000000002dac       0x58 src/CanalEMG.o
 .debug_macro   0x0000000000002e04       0x71 src/CanalEMG.o
 .debug_macro   0x0000000000002e75       0x16 src/CanalEMG.o
 .debug_macro   0x0000000000002e8b      0x12a src/CanalEMG.o
 .debug_macro   0x0000000000002fb5      0x35c src/CanalEMG.o
 .debug_macro   0x0000000000003311       0x16 src/CanalEMG.o
 .debug_macro   0x0000000000003327       0x29 src/CanalEMG.o
 .debug_macro   0x0000000000003350       0x1c src/CanalEMG.o
 .debug_macro   0x000000000000336c       0xde src/CanalEMG.o
 .debug_macro   0x000000000000344a       0x1c src/CanalEMG.o
 .debug_macro   0x0000000000003466       0x16 src/CanalEMG.o
 .debug_macro   0x000000000000347c      0x1fd src/FiltreFenetreGlissante.o
 .debug_macro   0x0000000000003679      0x24d src/GestionMouvementAxe.o
 .debug_macro   0x00000000000038c6       0x1c src/GestionMouvementAxe.o
 .debug_macro   0x00000000000038e2       0x40 src/GestionMouvementAxe.o
 .debug_macro   0x0000000000003922      0x20c src/L298x.o
 .debug_macro   0x0000000000003b2e       0x16 src/L298x.o
 .debug_macro   0x0000000000003b44      0x31d src/PID.o
 .debug_macro   0x0000000000003e61      0x226 src/PositionAxePotentiometre.o
 .debug_macro   0x0000000000004087      0x32b src/STM32F446Usart.o
 .debug_macro   0x00000000000043b2      0x20a src/Timer_PWM.o
 .debug_macro   0x00000000000045bc      0x21d src/controlL297.o
 .debug_macro   0x00000000000047d9      0x202 src/hardwareConfig.o
 .debug_macro   0x00000000000049db      0x7df src/main.o
 .debug_macro   0x00000000000051ba       0x1c src/main.o
 .debug_macro   0x00000000000051d6       0x18 src/main.o
 .debug_macro   0x00000000000051ee       0x6e src/main.o
 .debug_macro   0x000000000000525c       0x28 src/main.o
 .debug_macro   0x0000000000005284       0x41 src/main.o
 .debug_macro   0x00000000000052c5       0x12 src/main.o
 .debug_macro   0x00000000000052d7       0x2e src/main.o
 .debug_macro   0x0000000000005305       0x19 src/main.o
 .debug_macro   0x000000000000531e       0x88 src/main.o
 .debug_macro   0x00000000000053a6       0x19 src/main.o
 .debug_macro   0x00000000000053bf      0x17b src/main.o
 .debug_macro   0x000000000000553a       0x1c src/main.o
 .debug_macro   0x0000000000005556       0x3c src/main.o
 .debug_macro   0x0000000000005592       0x10 src/main.o
 .debug_macro   0x00000000000055a2       0x10 src/main.o
 .debug_macro   0x00000000000055b2       0x33 src/main.o
 .debug_macro   0x00000000000055e5      0x173 src/main.o
 .debug_macro   0x0000000000005758       0x10 src/main.o
 .debug_macro   0x0000000000005768       0x17 src/main.o
 .debug_macro   0x000000000000577f       0x10 src/main.o
 .debug_macro   0x000000000000578f       0x35 src/main.o
 .debug_macro   0x00000000000057c4       0x5e src/main.o
 .debug_macro   0x0000000000005822       0x16 src/main.o
 .debug_macro   0x0000000000005838       0x52 src/main.o
 .debug_macro   0x000000000000588a       0x5e src/main.o
 .debug_macro   0x00000000000058e8       0x11 src/main.o
 .debug_macro   0x00000000000058f9       0x11 src/main.o
 .debug_macro   0x000000000000590a       0x2f src/main.o
 .debug_macro   0x0000000000005939       0x16 src/main.o
 .debug_macro   0x000000000000594f       0x10 src/main.o
 .debug_macro   0x000000000000595f       0x1c src/main.o
 .debug_macro   0x000000000000597b       0x10 src/main.o
 .debug_macro   0x000000000000598b       0x1c src/main.o
 .debug_macro   0x00000000000059a7       0x52 src/main.o
 .debug_macro   0x00000000000059f9       0x22 src/main.o
 .debug_macro   0x0000000000005a1b       0x10 src/main.o
 .debug_macro   0x0000000000005a2b       0x40 src/main.o
 .debug_macro   0x0000000000005a6b       0xd5 src/main.o
 .debug_macro   0x0000000000005b40       0x1c src/main.o
 .debug_macro   0x0000000000005b5c       0x3d src/main.o
 .debug_macro   0x0000000000005b99       0x16 src/main.o
 .debug_macro   0x0000000000005baf      0x130 src/main.o
 .debug_macro   0x0000000000005cdf      0x11d src/main.o
 .debug_macro   0x0000000000005dfc       0x10 src/main.o
 .debug_macro   0x0000000000005e0c      0x241 src/main.o
 .debug_macro   0x000000000000604d       0x17 src/main.o
 .debug_macro   0x0000000000006064      0x24c src/syscalls.o
 .debug_macro   0x00000000000062b0       0x4c src/syscalls.o
 .debug_macro   0x00000000000062fc       0x94 src/syscalls.o
 .debug_macro   0x0000000000006390       0x34 src/syscalls.o
 .debug_macro   0x00000000000063c4       0x57 src/syscalls.o
 .debug_macro   0x000000000000641b      0x174 src/syscalls.o
 .debug_macro   0x000000000000658f      0x339 src/syscalls.o
 .debug_macro   0x00000000000068c8       0x43 src/syscalls.o
 .debug_macro   0x000000000000690b       0x1c src/syscalls.o
 .debug_macro   0x0000000000006927       0x10 src/syscalls.o
 .debug_macro   0x0000000000006937       0x35 src/syscalls.o
 .debug_macro   0x000000000000696c       0x10 src/syscalls.o
 .debug_macro   0x000000000000697c       0x10 src/syscalls.o
 .debug_macro   0x000000000000698c       0x35 src/syscalls.o
 .debug_macro   0x00000000000069c1      0x12c src/syscalls.o
 .debug_macro   0x0000000000006aed       0x10 src/syscalls.o
 .debug_macro   0x0000000000006afd      0x145 src/syscalls.o
 .debug_macro   0x0000000000006c42      0x189 src/syscalls.o
 .debug_macro   0x0000000000006dcb       0x16 src/syscalls.o
 .debug_macro   0x0000000000006de1       0xce src/syscalls.o
 .debug_macro   0x0000000000006eaf      0x219 src/system_stm32f4xx.o

.debug_line     0x0000000000000000     0xa187
 .debug_line    0x0000000000000000      0xac4 src/Adc1Stm32f446re.o
 .debug_line    0x0000000000000ac4      0xd66 src/CanalEMG.o
 .debug_line    0x000000000000182a      0x81f src/FiltreFenetreGlissante.o
 .debug_line    0x0000000000002049      0xad4 src/GestionMouvementAxe.o
 .debug_line    0x0000000000002b1d      0x825 src/L298x.o
 .debug_line    0x0000000000003342      0xcb4 src/PID.o
 .debug_line    0x0000000000003ff6      0x901 src/PositionAxePotentiometre.o
 .debug_line    0x00000000000048f7      0xeeb src/STM32F446Usart.o
 .debug_line    0x00000000000057e2      0xae6 src/Timer_PWM.o
 .debug_line    0x00000000000062c8      0xa36 src/controlL297.o
 .debug_line    0x0000000000006cfe      0x8e3 src/hardwareConfig.o
 .debug_line    0x00000000000075e1     0x19bb src/main.o
 .debug_line    0x0000000000008f9c      0x83a src/syscalls.o
 .debug_line    0x00000000000097d6      0x935 src/system_stm32f4xx.o
 .debug_line    0x000000000000a10b       0x7c startup/startup_stm32.o

.debug_str      0x0000000000000000    0x7f326
 .debug_str     0x0000000000000000    0x6e151 src/Adc1Stm32f446re.o
                                      0x6e515 (size before relaxing)
 .debug_str     0x000000000006e151     0x51c4 src/CanalEMG.o
                                      0x7324b (size before relaxing)
 .debug_str     0x0000000000073315      0x1c3 src/FiltreFenetreGlissante.o
                                      0x6d644 (size before relaxing)
 .debug_str     0x00000000000734d8      0x6ae src/GestionMouvementAxe.o