gthr-default.h:229:1:int __gthread_key_delete(__gthread_key_t)	16	static
main.cpp:111:5:int main()	24	static
main.cpp:259:6:void initSysteme()	16	static
main.cpp:264:6:void initcommUsart3()	16	static
main.cpp:272:6:void innitCanalEMG()	16	static
main.cpp:282:6:void initGestionMouvementAxe()	16	static
main.cpp:297:6:void gestionModeManuel()	8	static
main.cpp:357:6:void gestionPid()	16	static
main.cpp:406:17:void TIM7_IRQHandler()	8	static
main.cpp:426:17:void TIM5_IRQHandler()	4	static
main.cpp:434:1:void __static_initialization_and_destruction_0(int, int)	32	static
main.cpp:434:1:cpp)	8	static
main.cpp:434:1:cpp)	8	static
